../Core/Src/canal_frontcontroller_messages.c:66:17:getDataLittleEndian	48	static
../Core/Src/canal_frontcontroller_messages.c:77:17:getDataBigEndian	48	static
../Core/Src/canal_frontcontroller_messages.c:88:12:getDataWordFromByteArray	24	static
../Core/Src/canal_frontcontroller_messages.c:105:13:setDataLittleEndian	24	static
../Core/Src/canal_frontcontroller_messages.c:112:13:setDataBigEndian	24	static
../Core/Src/canal_frontcontroller_messages.c:119:19:setDataWordIntoByteArray	24	static
../Core/Src/canal_frontcontroller_messages.c:140:12:UnmarshalAMKSetpoints	40	static
../Core/Src/canal_frontcontroller_messages.c:160:12:MarshalAMKSetpoints	64	static
../Core/Src/canal_frontcontroller_messages.c:179:12:UnmarshalAMK0_STS	104	static
../Core/Src/canal_frontcontroller_messages.c:208:12:UnmarshalAMK1_STS	104	static
../Core/Src/canal_frontcontroller_messages.c:237:12:UnMarshalAMK0_TEMPS	40	static
../Core/Src/canal_frontcontroller_messages.c:273:12:GetBinaryUnmarshaller	24	static
../Core/Src/canal_frontcontroller_messages.c:285:12:GetBinaryMarshaller	24	static
