../Core/Inc/CANreceive.h:44:10:reverseBits	32	static
../Core/Inc/CANreceive.h:104:6:IncomingCANMessageHandler	152	static
../Core/Src/main.c:139:5:main	112	static
../Core/Src/main.c:268:6:SystemClock_Config	88	static
../Core/Src/main.c:310:13:MX_ADC1_Init	24	static
../Core/Src/main.c:362:13:MX_ADC2_Init	24	static
../Core/Src/main.c:414:13:MX_CAN1_Init	8	static
../Core/Src/main.c:451:13:MX_TIM2_Init	40	static
../Core/Src/main.c:492:6:HAL_TIM_PeriodElapsedCallback	16	static
../Core/Src/main.c:502:13:MX_USART3_UART_Init	8	static
../Core/Src/main.c:537:13:MX_GPIO_Init	48	static
../Core/Src/main.c:560:13:CAN_Config	48	static
../Core/Src/main.c:587:6:HAL_CAN_RxFifo0MsgPendingCallback	16	static
../Core/Src/main.c:603:6:Error_Handler	4	static,ignoring_inline_asm
