../Core/Src/main.c:102:5:main	112	static
../Core/Src/main.c:261:6:SystemClock_Config	88	static
../Core/Src/main.c:303:13:MX_ADC1_Init	24	static
../Core/Src/main.c:355:13:MX_ADC2_Init	24	static
../Core/Src/main.c:407:13:MX_CAN1_Init	8	static
../Core/Src/main.c:444:13:MX_TIM2_Init	40	static
../Core/Src/main.c:485:6:HAL_TIM_PeriodElapsedCallback	16	static
../Core/Src/main.c:495:13:MX_USART3_UART_Init	8	static
../Core/Src/main.c:530:13:MX_GPIO_Init	48	static
../Core/Src/main.c:553:13:CAN_Config	48	static
../Core/Src/main.c:580:6:HAL_CAN_RxFifo0MsgPendingCallback	16	static
../Core/Src/main.c:596:6:Error_Handler	4	static,ignoring_inline_asm
