Archive member included to satisfy reference by file (symbol)

/Applications/STM32CubeIDE.app/Contents/Eclipse/plugins/com.st.stm32cube.ide.mcu.externaltools.gnu-tools-for-stm32.10.3-2021.10.macos64_1.0.100.202210260954/tools/bin/../lib/gcc/arm-none-eabi/10.3.1/../../../../arm-none-eabi/lib/thumb/v7e-m+dp/hard/libc_nano.a(lib_a-errno.o)
                              ./Core/Src/printf.o (__errno)
/Applications/STM32CubeIDE.app/Contents/Eclipse/plugins/com.st.stm32cube.ide.mcu.externaltools.gnu-tools-for-stm32.10.3-2021.10.macos64_1.0.100.202210260954/tools/bin/../lib/gcc/arm-none-eabi/10.3.1/../../../../arm-none-eabi/lib/thumb/v7e-m+dp/hard/libc_nano.a(lib_a-exit.o)
                              /Applications/STM32CubeIDE.app/Contents/Eclipse/plugins/com.st.stm32cube.ide.mcu.externaltools.gnu-tools-for-stm32.10.3-2021.10.macos64_1.0.100.202210260954/tools/bin/../lib/gcc/arm-none-eabi/10.3.1/../../../../arm-none-eabi/lib/thumb/v7e-m+dp/hard/crt0.o (exit)
/Applications/STM32CubeIDE.app/Contents/Eclipse/plugins/com.st.stm32cube.ide.mcu.externaltools.gnu-tools-for-stm32.10.3-2021.10.macos64_1.0.100.202210260954/tools/bin/../lib/gcc/arm-none-eabi/10.3.1/../../../../arm-none-eabi/lib/thumb/v7e-m+dp/hard/libc_nano.a(lib_a-impure.o)
                              /Applications/STM32CubeIDE.app/Contents/Eclipse/plugins/com.st.stm32cube.ide.mcu.externaltools.gnu-tools-for-stm32.10.3-2021.10.macos64_1.0.100.202210260954/tools/bin/../lib/gcc/arm-none-eabi/10.3.1/../../../../arm-none-eabi/lib/thumb/v7e-m+dp/hard/libc_nano.a(lib_a-exit.o) (_global_impure_ptr)
/Applications/STM32CubeIDE.app/Contents/Eclipse/plugins/com.st.stm32cube.ide.mcu.externaltools.gnu-tools-for-stm32.10.3-2021.10.macos64_1.0.100.202210260954/tools/bin/../lib/gcc/arm-none-eabi/10.3.1/../../../../arm-none-eabi/lib/thumb/v7e-m+dp/hard/libc_nano.a(lib_a-init.o)
                              /Applications/STM32CubeIDE.app/Contents/Eclipse/plugins/com.st.stm32cube.ide.mcu.externaltools.gnu-tools-for-stm32.10.3-2021.10.macos64_1.0.100.202210260954/tools/bin/../lib/gcc/arm-none-eabi/10.3.1/../../../../arm-none-eabi/lib/thumb/v7e-m+dp/hard/crt0.o (__libc_init_array)
/Applications/STM32CubeIDE.app/Contents/Eclipse/plugins/com.st.stm32cube.ide.mcu.externaltools.gnu-tools-for-stm32.10.3-2021.10.macos64_1.0.100.202210260954/tools/bin/../lib/gcc/arm-none-eabi/10.3.1/../../../../arm-none-eabi/lib/thumb/v7e-m+dp/hard/libc_nano.a(lib_a-memset.o)
                              /Applications/STM32CubeIDE.app/Contents/Eclipse/plugins/com.st.stm32cube.ide.mcu.externaltools.gnu-tools-for-stm32.10.3-2021.10.macos64_1.0.100.202210260954/tools/bin/../lib/gcc/arm-none-eabi/10.3.1/../../../../arm-none-eabi/lib/thumb/v7e-m+dp/hard/crt0.o (memset)
/Applications/STM32CubeIDE.app/Contents/Eclipse/plugins/com.st.stm32cube.ide.mcu.externaltools.gnu-tools-for-stm32.10.3-2021.10.macos64_1.0.100.202210260954/tools/bin/../lib/gcc/arm-none-eabi/10.3.1/../../../../arm-none-eabi/lib/thumb/v7e-m+dp/hard/libc_nano.a(lib_a-nano-vfprintf_float.o)
                              (_printf_float)
/Applications/STM32CubeIDE.app/Contents/Eclipse/plugins/com.st.stm32cube.ide.mcu.externaltools.gnu-tools-for-stm32.10.3-2021.10.macos64_1.0.100.202210260954/tools/bin/../lib/gcc/arm-none-eabi/10.3.1/../../../../arm-none-eabi/lib/thumb/v7e-m+dp/hard/libc_nano.a(lib_a-nano-vfprintf_i.o)
                              /Applications/STM32CubeIDE.app/Contents/Eclipse/plugins/com.st.stm32cube.ide.mcu.externaltools.gnu-tools-for-stm32.10.3-2021.10.macos64_1.0.100.202210260954/tools/bin/../lib/gcc/arm-none-eabi/10.3.1/../../../../arm-none-eabi/lib/thumb/v7e-m+dp/hard/libc_nano.a(lib_a-nano-vfprintf_float.o) (_printf_common)
/Applications/STM32CubeIDE.app/Contents/Eclipse/plugins/com.st.stm32cube.ide.mcu.externaltools.gnu-tools-for-stm32.10.3-2021.10.macos64_1.0.100.202210260954/tools/bin/../lib/gcc/arm-none-eabi/10.3.1/../../../../arm-none-eabi/lib/thumb/v7e-m+dp/hard/libc_nano.a(lib_a-setvbuf.o)
                              ./Core/Src/printf.o (setvbuf)
/Applications/STM32CubeIDE.app/Contents/Eclipse/plugins/com.st.stm32cube.ide.mcu.externaltools.gnu-tools-for-stm32.10.3-2021.10.macos64_1.0.100.202210260954/tools/bin/../lib/gcc/arm-none-eabi/10.3.1/../../../../arm-none-eabi/lib/thumb/v7e-m+dp/hard/libc_nano.a(lib_a-strlen.o)
                              /Applications/STM32CubeIDE.app/Contents/Eclipse/plugins/com.st.stm32cube.ide.mcu.externaltools.gnu-tools-for-stm32.10.3-2021.10.macos64_1.0.100.202210260954/tools/bin/../lib/gcc/arm-none-eabi/10.3.1/../../../../arm-none-eabi/lib/thumb/v7e-m+dp/hard/libc_nano.a(lib_a-nano-vfprintf_float.o) (strlen)
/Applications/STM32CubeIDE.app/Contents/Eclipse/plugins/com.st.stm32cube.ide.mcu.externaltools.gnu-tools-for-stm32.10.3-2021.10.macos64_1.0.100.202210260954/tools/bin/../lib/gcc/arm-none-eabi/10.3.1/../../../../arm-none-eabi/lib/thumb/v7e-m+dp/hard/libc_nano.a(lib_a-dtoa.o)
[...]
Memory Configuration

Name             Origin             Length             Attributes
RAM              0x0000000020000000 0x0000000000080000 xrw
FLASH            0x0000000008000000 0x0000000000200000 xr
*default*        0x0000000000000000 0xffffffffffffffff

Linker script and memory map

LOAD /Applications/STM32CubeIDE.app/Contents/Eclipse/plugins/com.st.stm32cube.ide.mcu.externaltools.gnu-tools-for-stm32.10.3-2021.10.macos64_1.0.100.202210260954/tools/bin/../lib/gcc/arm-none-eabi/10.3.1/thumb/v7e-m+dp/hard/crti.o
LOAD /Applications/STM32CubeIDE.app/Contents/Eclipse/plugins/com.st.stm32cube.ide.mcu.externaltools.gnu-tools-for-stm32.10.3-2021.10.macos64_1.0.100.202210260954/tools/bin/../lib/gcc/arm-none-eabi/10.3.1/thumb/v7e-m+dp/hard/crtbegin.o
LOAD /Applications/STM32CubeIDE.app/Contents/Eclipse/plugins/com.st.stm32cube.ide.mcu.externaltools.gnu-tools-for-stm32.10.3-2021.10.macos64_1.0.100.202210260954/tools/bin/../lib/gcc/arm-none-eabi/10.3.1/../../../../arm-none-eabi/lib/thumb/v7e-m+dp/hard/crt0.o
LOAD ./Autogen/src/controller.o
LOAD ./Autogen/src/controller_data.o
LOAD ./Autogen/src/ert_main.o
LOAD ./Core/Inc/canal.o
LOAD ./Core/Src/canal_frontcontroller_messages.o
LOAD ./Core/Src/main.o
LOAD ./Core/Src/printf.o
LOAD ./Core/Src/stm32f7xx_hal_msp.o
LOAD ./Core/Src/stm32f7xx_it.o
LOAD ./Core/Src/sysmem.o
LOAD ./Core/Src/system_stm32f7xx.o
LOAD ./Core/Src/uart.o
LOAD ./Core/Startup/startup_stm32f767zitx.o
LOAD ./Drivers/STM32F7xx_HAL_Driver/Src/stm32f7xx_hal.o
LOAD ./Drivers/STM32F7xx_HAL_Driver/Src/stm32f7xx_hal_adc.o
LOAD ./Drivers/STM32F7xx_HAL_Driver/Src/stm32f7xx_hal_adc_ex.o
LOAD ./Drivers/STM32F7xx_HAL_Driver/Src/stm32f7xx_hal_can.o
LOAD ./Drivers/STM32F7xx_HAL_Driver/Src/stm32f7xx_hal_cortex.o
LOAD ./Drivers/STM32F7xx_HAL_Driver/Src/stm32f7xx_hal_dma.o
LOAD ./Drivers/STM32F7xx_HAL_Driver/Src/stm32f7xx_hal_dma_ex.o
LOAD ./Drivers/STM32F7xx_HAL_Driver/Src/stm32f7xx_hal_exti.o
LOAD ./Drivers/STM32F7xx_HAL_Driver/Src/stm32f7xx_hal_flash.o
LOAD ./Drivers/STM32F7xx_HAL_Driver/Src/stm32f7xx_hal_flash_ex.o
LOAD ./Drivers/STM32F7xx_HAL_Driver/Src/stm32f7xx_hal_gpio.o
LOAD ./Drivers/STM32F7xx_HAL_Driver/Src/stm32f7xx_hal_i2c.o
LOAD ./Drivers/STM32F7xx_HAL_Driver/Src/stm32f7xx_hal_i2c_ex.o
LOAD ./Drivers/STM32F7xx_HAL_Driver/Src/stm32f7xx_hal_pwr.o
LOAD ./Drivers/STM32F7xx_HAL_Driver/Src/stm32f7xx_hal_pwr_ex.o
LOAD ./Drivers/STM32F7xx_HAL_Driver/Src/stm32f7xx_hal_rcc.o
LOAD ./Drivers/STM32F7xx_HAL_Driver/Src/stm32f7xx_hal_rcc_ex.o
LOAD ./Drivers/STM32F7xx_HAL_Driver/Src/stm32f7xx_hal_tim.o
LOAD ./Drivers/STM32F7xx_HAL_Driver/Src/stm32f7xx_hal_tim_ex.o
LOAD ./Drivers/STM32F7xx_HAL_Driver/Src/stm32f7xx_hal_uart.o
LOAD ./Drivers/STM32F7xx_HAL_Driver/Src/stm32f7xx_hal_uart_ex.o
START GROUP
LOAD /Applications/STM32CubeIDE.app/Contents/Eclipse/plugins/com.st.stm32cube.ide.mcu.externaltools.gnu-tools-for-stm32.10.3-2021.10.macos64_1.0.100.202210260954/tools/bin/../lib/gcc/arm-none-eabi/10.3.1/../../../../arm-none-eabi/lib/thumb/v7e-m+dp/hard/libc_nano.a
LOAD /Applications/STM32CubeIDE.app/Contents/Eclipse/plugins/com.st.stm32cube.ide.mcu.externaltools.gnu-tools-for-stm32.10.3-2021.10.macos64_1.0.100.202210260954/tools/bin/../lib/gcc/arm-none-eabi/10.3.1/../../../../arm-none-eabi/lib/thumb/v7e-m+dp/hard/libm.a
END GROUP
START GROUP
LOAD /Applications/STM32CubeIDE.app/Contents/Eclipse/plugins/com.st.stm32cube.ide.mcu.externaltools.gnu-tools-for-stm32.10.3-2021.10.macos64_1.0.100.202210260954/tools/bin/../lib/gcc/arm-none-eabi/10.3.1/thumb/v7e-m+dp/hard/libgcc.a
LOAD /Applications/STM32CubeIDE.app/Contents/Eclipse/plugins/com.st.stm32cube.ide.mcu.externaltools.gnu-tools-for-stm32.10.3-2021.10.macos64_1.0.100.202210260954/tools/bin/../lib/gcc/arm-none-eabi/10.3.1/../../../../arm-none-eabi/lib/thumb/v7e-m+dp/hard/libc_nano.a
END GROUP
START GROUP
LOAD /Applications/STM32CubeIDE.app/Contents/Eclipse/plugins/com.st.stm32cube.ide.mcu.externaltools.gnu-tools-for-stm32.10.3-2021.10.macos64_1.0.100.202210260954/tools/bin/../lib/gcc/arm-none-eabi/10.3.1/thumb/v7e-m+dp/hard/libgcc.a
LOAD /Applications/STM32CubeIDE.app/Contents/Eclipse/plugins/com.st.stm32cube.ide.mcu.externaltools.gnu-tools-for-stm32.10.3-2021.10.macos64_1.0.100.202210260954/tools/bin/../lib/gcc/arm-none-eabi/10.3.1/../../../../arm-none-eabi/lib/thumb/v7e-m+dp/hard/libc_nano.a
LOAD /Applications/STM32CubeIDE.app/Contents/Eclipse/plugins/com.st.stm32cube.ide.mcu.externaltools.gnu-tools-for-stm32.10.3-2021.10.macos64_1.0.100.202210260954/tools/bin/../lib/gcc/arm-none-eabi/10.3.1/../../../../arm-none-eabi/lib/thumb/v7e-m+dp/hard/libnosys.a
END GROUP
START GROUP
LOAD /Applications/STM32CubeIDE.app/Contents/Eclipse/plugins/com.st.stm32cube.ide.mcu.externaltools.gnu-tools-for-stm32.10.3-2021.10.macos64_1.0.100.202210260954/tools/bin/../lib/gcc/arm-none-eabi/10.3.1/thumb/v7e-m+dp/hard/libgcc.a
LOAD /Applications/STM32CubeIDE.app/Contents/Eclipse/plugins/com.st.stm32cube.ide.mcu.externaltools.gnu-tools-for-stm32.10.3-2021.10.macos64_1.0.100.202210260954/tools/bin/../lib/gcc/arm-none-eabi/10.3.1/../../../../arm-none-eabi/lib/thumb/v7e-m+dp/hard/libc_nano.a
LOAD /Applications/STM32CubeIDE.app/Contents/Eclipse/plugins/com.st.stm32cube.ide.mcu.externaltools.gnu-tools-for-stm32.10.3-2021.10.macos64_1.0.100.202210260954/tools/bin/../lib/gcc/arm-none-eabi/10.3.1/../../../../arm-none-eabi/lib/thumb/v7e-m+dp/hard/libnosys.a
END GROUP
LOAD /Applications/STM32CubeIDE.app/Contents/Eclipse/plugins/com.st.stm32cube.ide.mcu.externaltools.gnu-tools-for-stm32.10.3-2021.10.macos64_1.0.100.202210260954/tools/bin/../lib/gcc/arm-none-eabi/10.3.1/thumb/v7e-m+dp/hard/crtend.o
LOAD /Applications/STM32CubeIDE.app/Contents/Eclipse/plugins/com.st.stm32cube.ide.mcu.externaltools.gnu-tools-for-stm32.10.3-2021.10.macos64_1.0.100.202210260954/tools/bin/../lib/gcc/arm-none-eabi/10.3.1/thumb/v7e-m+dp/hard/crtn.o
                0x0000000020080000                _estack = (ORIGIN (RAM) + LENGTH (RAM))
                0x0000000000000200                _Min_Heap_Size = 0x200
                0x0000000000000400                _Min_Stack_Size = 0x400

.isr_vector     0x0000000008000000      0x1f8
                0x0000000008000000                . = ALIGN (0x4)
 *(.isr_vector)
 .isr_vector    0x0000000008000000      0x1f8 ./Core/Startup/startup_stm32f767zitx.o
                0x0000000008000000                g_pfnVectors
                0x00000000080001f8                . = ALIGN (0x4)

.text           0x0000000008000200     0x9354
                0x0000000008000200                . = ALIGN (0x4)
 *(.text)
 .text          0x0000000008000200       0x40 /Applications/STM32CubeIDE.app/Contents/Eclipse/plugins/com.st.stm32cube.ide.mcu.externaltools.gnu-tools-for-stm32.10.3-2021.10.macos64_1.0.100.202210260954/tools/bin/../lib/gcc/arm-none-eabi/10.3.1/thumb/v7e-m+dp/hard/crtbegin.o
 .text          0x0000000008000240       0x10 /Applications/STM32CubeIDE.app/Contents/Eclipse/plugins/com.st.stm32cube.ide.mcu.externaltools.gnu-tools-for-stm32.10.3-2021.10.macos64_1.0.100.202210260954/tools/bin/../lib/gcc/arm-none-eabi/10.3.1/../../../../arm-none-eabi/lib/thumb/v7e-m+dp/hard/libc_nano.a(lib_a-strlen.o)
                0x0000000008000240                strlen
 .text          0x0000000008000250       0xa0 /Applications/STM32CubeIDE.app/Contents/Eclipse/plugins/com.st.stm32cube.ide.mcu.externaltools.gnu-tools-for-stm32.10.3-2021.10.macos64_1.0.100.202210260954/tools/bin/../lib/gcc/arm-none-eabi/10.3.1/../../../../arm-none-eabi/lib/thumb/v7e-m+dp/hard/libc_nano.a(lib_a-memchr.o)
                0x0000000008000250                memchr
 .text          0x00000000080002f0       0x30 /Applications/STM32CubeIDE.app/Contents/Eclipse/plugins/com.st.stm32cube.ide.mcu.externaltools.gnu-tools-for-stm32.10.3-2021.10.macos64_1.0.100.202210260954/tools/bin/../lib/gcc/arm-none-eabi/10.3.1/thumb/v7e-m+dp/hard/libgcc.a(_aeabi_uldivmod.o)
                0x00000000080002f0                __aeabi_uldivmod
 .text          0x0000000008000320      0x2d0 /Applications/STM32CubeIDE.app/Contents/Eclipse/plugins/com.st.stm32cube.ide.mcu.externaltools.gnu-tools-for-stm32.10.3-2021.10.macos64_1.0.100.202210260954/tools/bin/../lib/gcc/arm-none-eabi/10.3.1/thumb/v7e-m+dp/hard/libgcc.a(_udivmoddi4.o)
                0x0000000008000320                __udivmoddi4
 .text          0x00000000080005f0        0x4 /Applications/STM32CubeIDE.app/Contents/Eclipse/plugins/com.st.stm32cube.ide.mcu.externaltools.gnu-tools-for-stm32.10.3-2021.10.macos64_1.0.100.202210260954/tools/bin/../lib/gcc/arm-none-eabi/10.3.1/thumb/v7e-m+dp/hard/libgcc.a(_dvmd_tls.o)
                0x00000000080005f0                __aeabi_ldiv0
                0x00000000080005f0                __aeabi_idiv0
 *(.text*)
 .text.look1_iflf_binlxpw
                0x00000000080005f4      0x17a ./Autogen/src/controller.o
                0x00000000080005f4                look1_iflf_binlxpw
 *fill*         0x000000000800076e        0x2 
 .text.controller_step
                0x0000000008000770      0xec0 ./Autogen/src/controller.o
                0x0000000008000770                controller_step
 .text.rt_OneStep
                0x0000000008001630       0x34 ./Autogen/src/ert_main.o
                0x0000000008001630                rt_OneStep
 .text.reverseBits
                0x0000000008001664       0x5a ./Core/Src/main.o
                0x0000000008001664                reverseBits
 *fill*         0x00000000080016be        0x2 
 .text.IncomingCANMessageHandler
                0x00000000080016c0      0x2b0 ./Core/Src/main.o
                0x00000000080016c0                IncomingCANMessageHandler
 .text.main     0x0000000008001970      0x1ac ./Core/Src/main.o
                0x0000000008001970                main
 .text.SystemClock_Config
                0x0000000008001b1c       0xb8 ./Core/Src/main.o
                0x0000000008001b1c                SystemClock_Config
 .text.MX_ADC1_Init
                0x0000000008001bd4       0xa4 ./Core/Src/main.o
 .text.MX_ADC2_Init
                0x0000000008001c78       0xa4 ./Core/Src/main.o
 .text.MX_CAN1_Init
                0x0000000008001d1c       0x6c ./Core/Src/main.o
 .text.MX_TIM2_Init
                0x0000000008001d88       0x9c ./Core/Src/main.o
 .text.HAL_TIM_PeriodElapsedCallback
                0x0000000008001e24       0x14 ./Core/Src/main.o
                0x0000000008001e24                HAL_TIM_PeriodElapsedCallback
 .text.MX_USART3_UART_Init
                0x0000000008001e38       0x60 ./Core/Src/main.o
 .text.MX_GPIO_Init
                0x0000000008001e98       0xb0 ./Core/Src/main.o
 .text.CAN_Config
                0x0000000008001f48       0x60 ./Core/Src/main.o
 .text.HAL_CAN_RxFifo0MsgPendingCallback
                0x0000000008001fa8       0x3c ./Core/Src/main.o
                0x0000000008001fa8                HAL_CAN_RxFifo0MsgPendingCallback
 .text.Error_Handler
                0x0000000008001fe4        0xa ./Core/Src/main.o
                0x0000000008001fe4                Error_Handler
 *fill*         0x0000000008001fee        0x2 
 .text.Printf_Init
                0x0000000008001ff0       0x44 ./Core/Src/printf.o
                0x0000000008001ff0                Printf_Init
 .text._isatty  0x0000000008002034       0x2c ./Core/Src/printf.o
                0x0000000008002034                _isatty
 .text._write   0x0000000008002060       0x54 ./Core/Src/printf.o
                0x0000000008002060                _write
 .text._close   0x00000000080020b4       0x2e ./Core/Src/printf.o
                0x00000000080020b4                _close
 .text._lseek   0x00000000080020e2       0x22 ./Core/Src/printf.o
                0x00000000080020e2                _lseek
 .text._read    0x0000000008002104       0x50 ./Core/Src/printf.o
                0x0000000008002104                _read
 .text._fstat   0x0000000008002154       0x36 ./Core/Src/printf.o
                0x0000000008002154                _fstat
 *fill*         0x000000000800218a        0x2 
 .text.HAL_MspInit
                0x000000000800218c       0x48 ./Core/Src/stm32f7xx_hal_msp.o
                0x000000000800218c                HAL_MspInit
 .text.HAL_ADC_MspInit
                0x00000000080021d4       0xd8 ./Core/Src/stm32f7xx_hal_msp.o
                0x00000000080021d4                HAL_ADC_MspInit
 .text.HAL_CAN_MspInit
                0x00000000080022ac       0xa8 ./Core/Src/stm32f7xx_hal_msp.o
                0x00000000080022ac                HAL_CAN_MspInit
 .text.HAL_TIM_Base_MspInit
                0x0000000008002354       0x48 ./Core/Src/stm32f7xx_hal_msp.o
                0x0000000008002354                HAL_TIM_Base_MspInit
 .text.HAL_UART_MspInit
                0x000000000800239c       0xc0 ./Core/Src/stm32f7xx_hal_msp.o
                0x000000000800239c                HAL_UART_MspInit
 .text.NMI_Handler
                0x000000000800245c        0x6 ./Core/Src/stm32f7xx_it.o
                0x000000000800245c                NMI_Handler
 .text.HardFault_Handler
                0x0000000008002462        0x6 ./Core/Src/stm32f7xx_it.o
                0x0000000008002462                HardFault_Handler
 .text.MemManage_Handler
                0x0000000008002468        0x6 ./Core/Src/stm32f7xx_it.o
                0x0000000008002468                MemManage_Handler
 .text.BusFault_Handler
                0x000000000800246e        0x6 ./Core/Src/stm32f7xx_it.o
                0x000000000800246e                BusFault_Handler
 .text.UsageFault_Handler
                0x0000000008002474        0x6 ./Core/Src/stm32f7xx_it.o
                0x0000000008002474                UsageFault_Handler
 .text.SVC_Handler
                0x000000000800247a        0xe ./Core/Src/stm32f7xx_it.o
                0x000000000800247a                SVC_Handler
 .text.DebugMon_Handler
                0x0000000008002488        0xe ./Core/Src/stm32f7xx_it.o
                0x0000000008002488                DebugMon_Handler
 .text.PendSV_Handler
                0x0000000008002496        0xe ./Core/Src/stm32f7xx_it.o
                0x0000000008002496                PendSV_Handler
 .text.SysTick_Handler
                0x00000000080024a4        0xc ./Core/Src/stm32f7xx_it.o
                0x00000000080024a4                SysTick_Handler
 .text.CAN1_TX_IRQHandler
                0x00000000080024b0       0x20 ./Core/Src/stm32f7xx_it.o
                0x00000000080024b0                CAN1_TX_IRQHandler
 .text.CAN1_RX0_IRQHandler
                0x00000000080024d0       0x14 ./Core/Src/stm32f7xx_it.o
                0x00000000080024d0                CAN1_RX0_IRQHandler
 .text.TIM2_IRQHandler
                0x00000000080024e4       0x14 ./Core/Src/stm32f7xx_it.o
                0x00000000080024e4                TIM2_IRQHandler
 .text._sbrk    0x00000000080024f8       0x6c ./Core/Src/sysmem.o
                0x00000000080024f8                _sbrk
 .text.SystemInit
                0x0000000008002564       0x24 ./Core/Src/system_stm32f7xx.o
                0x0000000008002564                SystemInit
 .text.UART_Select
                0x0000000008002588       0xbc ./Core/Src/uart.o
 .text.UART_Baud_Rate_Select
                0x0000000008002644       0x3c ./Core/Src/uart.o
 .text.UART_Datasize_Select
                0x0000000008002680       0x52 ./Core/Src/uart.o
 .text.UART_Mode_Select
                0x00000000080026d2       0x4e ./Core/Src/uart.o
 .text.UART_MSB_Select
                0x0000000008002720       0x46 ./Core/Src/uart.o
 .text.UART_Default_Configs
                0x0000000008002766       0x3c ./Core/Src/uart.o
 .text.UART_Init
                0x00000000080027a2       0x90 ./Core/Src/uart.o
                0x00000000080027a2                UART_Init
 .text.UART_Transmit
                0x0000000008002832       0x38 ./Core/Src/uart.o
                0x0000000008002832                UART_Transmit
 .text.UART_Receive
                0x000000000800286a       0x38 ./Core/Src/uart.o
                0x000000000800286a                UART_Receive
 *fill*         0x00000000080028a2        0x2 
 .text.Reset_Handler
                0x00000000080028a4       0x50 ./Core/Startup/startup_stm32f767zitx.o
                0x00000000080028a4                Reset_Handler
 .text.Default_Handler
                0x00000000080028f4        0x2 ./Core/Startup/startup_stm32f767zitx.o
                0x00000000080028f4                DMA1_Stream3_IRQHandler
                0x00000000080028f4                EXTI2_IRQHandler
                0x00000000080028f4                TIM8_CC_IRQHandler
                0x00000000080028f4                UART8_IRQHandler
                0x00000000080028f4                SPI4_IRQHandler
                0x00000000080028f4                TIM1_CC_IRQHandler
                0x00000000080028f4                DMA2_Stream5_IRQHandler
                0x00000000080028f4                JPEG_IRQHandler
                0x00000000080028f4                DMA1_Stream5_IRQHandler
                0x00000000080028f4                CAN3_RX1_IRQHandler
                0x00000000080028f4                PVD_IRQHandler
                0x00000000080028f4                TAMP_STAMP_IRQHandler
                0x00000000080028f4                CAN2_RX1_IRQHandler
                0x00000000080028f4                EXTI3_IRQHandler
                0x00000000080028f4                TIM8_TRG_COM_TIM14_IRQHandler
                0x00000000080028f4                DFSDM1_FLT1_IRQHandler
                0x00000000080028f4                TIM1_UP_TIM10_IRQHandler
                0x00000000080028f4                TIM8_UP_TIM13_IRQHandler
                0x00000000080028f4                I2C3_ER_IRQHandler
                0x00000000080028f4                DFSDM1_FLT2_IRQHandler
                0x00000000080028f4                EXTI0_IRQHandler
                0x00000000080028f4                I2C2_EV_IRQHandler
                0x00000000080028f4                DMA1_Stream2_IRQHandler
                0x00000000080028f4                FPU_IRQHandler
                0x00000000080028f4                OTG_HS_WKUP_IRQHandler
                0x00000000080028f4                CAN3_SCE_IRQHandler
                0x00000000080028f4                LTDC_ER_IRQHandler
                0x00000000080028f4                CAN2_SCE_IRQHandler
                0x00000000080028f4                DMA2_Stream2_IRQHandler
                0x00000000080028f4                SPI1_IRQHandler
                0x00000000080028f4                TIM6_DAC_IRQHandler
                0x00000000080028f4                TIM1_BRK_TIM9_IRQHandler
                0x00000000080028f4                DCMI_IRQHandler
                0x00000000080028f4                CAN2_RX0_IRQHandler
                0x00000000080028f4                DMA2_Stream3_IRQHandler
                0x00000000080028f4                SAI2_IRQHandler
                0x00000000080028f4                DFSDM1_FLT3_IRQHandler
                0x00000000080028f4                USART6_IRQHandler
                0x00000000080028f4                CAN3_RX0_IRQHandler
                0x00000000080028f4                USART3_IRQHandler
                0x00000000080028f4                CAN1_RX1_IRQHandler
                0x00000000080028f4                UART5_IRQHandler
                0x00000000080028f4                DMA2_Stream0_IRQHandler
                0x00000000080028f4                TIM4_IRQHandler
                0x00000000080028f4                QUADSPI_IRQHandler
                0x00000000080028f4                I2C1_EV_IRQHandler
                0x00000000080028f4                DMA1_Stream6_IRQHandler
                0x00000000080028f4                DMA1_Stream1_IRQHandler
                0x00000000080028f4                UART4_IRQHandler
                0x00000000080028f4                TIM3_IRQHandler
                0x00000000080028f4                RCC_IRQHandler
                0x00000000080028f4                TIM8_BRK_TIM12_IRQHandler
                0x00000000080028f4                Default_Handler
                0x00000000080028f4                CEC_IRQHandler
                0x00000000080028f4                EXTI15_10_IRQHandler
                0x00000000080028f4                ADC_IRQHandler
                0x00000000080028f4                DMA1_Stream7_IRQHandler
                0x00000000080028f4                SPI5_IRQHandler
                0x00000000080028f4                TIM7_IRQHandler
                0x00000000080028f4                SDMMC1_IRQHandler
                0x00000000080028f4                CAN2_TX_IRQHandler
                0x00000000080028f4                TIM5_IRQHandler
                0x00000000080028f4                DMA2_Stream7_IRQHandler
                0x00000000080028f4                I2C3_EV_IRQHandler
                0x00000000080028f4                EXTI9_5_IRQHandler
                0x00000000080028f4                RTC_WKUP_IRQHandler
                0x00000000080028f4                LTDC_IRQHandler
                0x00000000080028f4                ETH_WKUP_IRQHandler
                0x00000000080028f4                SPDIF_RX_IRQHandler
                0x00000000080028f4                SPI2_IRQHandler
                0x00000000080028f4                OTG_HS_EP1_IN_IRQHandler
                0x00000000080028f4                DMA1_Stream0_IRQHandler
                0x00000000080028f4                EXTI4_IRQHandler
                0x00000000080028f4                RNG_IRQHandler
                0x00000000080028f4                ETH_IRQHandler
                0x00000000080028f4                OTG_HS_EP1_OUT_IRQHandler
                0x00000000080028f4                WWDG_IRQHandler
                0x00000000080028f4                SPI6_IRQHandler
                0x00000000080028f4                MDIOS_IRQHandler
                0x00000000080028f4                I2C4_EV_IRQHandler
                0x00000000080028f4                CAN3_TX_IRQHandler
                0x00000000080028f4                OTG_FS_WKUP_IRQHandler
                0x00000000080028f4                TIM1_TRG_COM_TIM11_IRQHandler
                0x00000000080028f4                OTG_HS_IRQHandler
                0x00000000080028f4                DMA2D_IRQHandler
                0x00000000080028f4                EXTI1_IRQHandler
                0x00000000080028f4                SDMMC2_IRQHandler
                0x00000000080028f4                UART7_IRQHandler
                0x00000000080028f4                USART2_IRQHandler
                0x00000000080028f4                DFSDM1_FLT0_IRQHandler
                0x00000000080028f4                I2C2_ER_IRQHandler
                0x00000000080028f4                DMA2_Stream1_IRQHandler
                0x00000000080028f4                CAN1_SCE_IRQHandler
                0x00000000080028f4                FLASH_IRQHandler
                0x00000000080028f4                DMA2_Stream4_IRQHandler
                0x00000000080028f4                USART1_IRQHandler
                0x00000000080028f4                OTG_FS_IRQHandler
                0x00000000080028f4                SPI3_IRQHandler
                0x00000000080028f4                DMA1_Stream4_IRQHandler
                0x00000000080028f4                I2C1_ER_IRQHandler
                0x00000000080028f4                FMC_IRQHandler
                0x00000000080028f4                LPTIM1_IRQHandler
                0x00000000080028f4                I2C4_ER_IRQHandler
                0x00000000080028f4                DMA2_Stream6_IRQHandler
                0x00000000080028f4                SAI1_IRQHandler
                0x00000000080028f4                RTC_Alarm_IRQHandler
 .text.HAL_Init
                0x00000000080028f6       0x1a ./Drivers/STM32F7xx_HAL_Driver/Src/stm32f7xx_hal.o
                0x00000000080028f6                HAL_Init
 .text.HAL_InitTick
                0x0000000008002910       0x60 ./Drivers/STM32F7xx_HAL_Driver/Src/stm32f7xx_hal.o
                0x0000000008002910                HAL_InitTick
 .text.HAL_IncTick
                0x0000000008002970       0x28 ./Drivers/STM32F7xx_HAL_Driver/Src/stm32f7xx_hal.o
                0x0000000008002970                HAL_IncTick
 .text.HAL_GetTick
                0x0000000008002998       0x18 ./Drivers/STM32F7xx_HAL_Driver/Src/stm32f7xx_hal.o
                0x0000000008002998                HAL_GetTick
 .text.HAL_Delay
                0x00000000080029b0       0x48 ./Drivers/STM32F7xx_HAL_Driver/Src/stm32f7xx_hal.o
                0x00000000080029b0                HAL_Delay
 .text.HAL_ADC_Init
                0x00000000080029f8       0x88 ./Drivers/STM32F7xx_HAL_Driver/Src/stm32f7xx_hal_adc.o
                0x00000000080029f8                HAL_ADC_Init
 .text.HAL_ADC_Start
                0x0000000008002a80      0x19c ./Drivers/STM32F7xx_HAL_Driver/Src/stm32f7xx_hal_adc.o
                0x0000000008002a80                HAL_ADC_Start
 .text.HAL_ADC_PollForConversion
                0x0000000008002c1c      0x116 ./Drivers/STM32F7xx_HAL_Driver/Src/stm32f7xx_hal_adc.o
                0x0000000008002c1c                HAL_ADC_PollForConversion
 .text.HAL_ADC_GetValue
                0x0000000008002d32       0x1a ./Drivers/STM32F7xx_HAL_Driver/Src/stm32f7xx_hal_adc.o
                0x0000000008002d32                HAL_ADC_GetValue
 .text.HAL_ADC_ConfigChannel
                0x0000000008002d4c      0x2ac ./Drivers/STM32F7xx_HAL_Driver/Src/stm32f7xx_hal_adc.o
                0x0000000008002d4c                HAL_ADC_ConfigChannel
 .text.ADC_Init
                0x0000000008002ff8      0x1f4 ./Drivers/STM32F7xx_HAL_Driver/Src/stm32f7xx_hal_adc.o
 .text.HAL_CAN_Init
                0x00000000080031ec      0x1f6 ./Drivers/STM32F7xx_HAL_Driver/Src/stm32f7xx_hal_can.o
                0x00000000080031ec                HAL_CAN_Init
 *fill*         0x00000000080033e2        0x2 
 .text.HAL_CAN_ConfigFilter
                0x00000000080033e4      0x1d8 ./Drivers/STM32F7xx_HAL_Driver/Src/stm32f7xx_hal_can.o
                0x00000000080033e4                HAL_CAN_ConfigFilter
 .text.HAL_CAN_Start
                0x00000000080035bc       0x88 ./Drivers/STM32F7xx_HAL_Driver/Src/stm32f7xx_hal_can.o
                0x00000000080035bc                HAL_CAN_Start
 .text.HAL_CAN_GetRxMessage
                0x0000000008003644      0x224 ./Drivers/STM32F7xx_HAL_Driver/Src/stm32f7xx_hal_can.o
                0x0000000008003644                HAL_CAN_GetRxMessage
 .text.HAL_CAN_ActivateNotification
                0x0000000008003868       0x4c ./Drivers/STM32F7xx_HAL_Driver/Src/stm32f7xx_hal_can.o
                0x0000000008003868                HAL_CAN_ActivateNotification
 .text.HAL_CAN_IRQHandler
                0x00000000080038b4      0x36e ./Drivers/STM32F7xx_HAL_Driver/Src/stm32f7xx_hal_can.o
                0x00000000080038b4                HAL_CAN_IRQHandler
 .text.HAL_CAN_TxMailbox0CompleteCallback
                0x0000000008003c22       0x14 ./Drivers/STM32F7xx_HAL_Driver/Src/stm32f7xx_hal_can.o
                0x0000000008003c22                HAL_CAN_TxMailbox0CompleteCallback
 .text.HAL_CAN_TxMailbox1CompleteCallback
                0x0000000008003c36       0x14 ./Drivers/STM32F7xx_HAL_Driver/Src/stm32f7xx_hal_can.o
                0x0000000008003c36                HAL_CAN_TxMailbox1CompleteCallback
 .text.HAL_CAN_TxMailbox2CompleteCallback
                0x0000000008003c4a       0x14 ./Drivers/STM32F7xx_HAL_Driver/Src/stm32f7xx_hal_can.o
                0x0000000008003c4a                HAL_CAN_TxMailbox2CompleteCallback
 .text.HAL_CAN_TxMailbox0AbortCallback
                0x0000000008003c5e       0x14 ./Drivers/STM32F7xx_HAL_Driver/Src/stm32f7xx_hal_can.o
                0x0000000008003c5e                HAL_CAN_TxMailbox0AbortCallback
 .text.HAL_CAN_TxMailbox1AbortCallback
                0x0000000008003c72       0x14 ./Drivers/STM32F7xx_HAL_Driver/Src/stm32f7xx_hal_can.o
                0x0000000008003c72                HAL_CAN_TxMailbox1AbortCallback
 .text.HAL_CAN_TxMailbox2AbortCallback
                0x0000000008003c86       0x14 ./Drivers/STM32F7xx_HAL_Driver/Src/stm32f7xx_hal_can.o
                0x0000000008003c86                HAL_CAN_TxMailbox2AbortCallback
 .text.HAL_CAN_RxFifo0FullCallback
                0x0000000008003c9a       0x14 ./Drivers/STM32F7xx_HAL_Driver/Src/stm32f7xx_hal_can.o
                0x0000000008003c9a                HAL_CAN_RxFifo0FullCallback
 .text.HAL_CAN_RxFifo1MsgPendingCallback
                0x0000000008003cae       0x14 ./Drivers/STM32F7xx_HAL_Driver/Src/stm32f7xx_hal_can.o
                0x0000000008003cae                HAL_CAN_RxFifo1MsgPendingCallback
 .text.HAL_CAN_RxFifo1FullCallback
                0x0000000008003cc2       0x14 ./Drivers/STM32F7xx_HAL_Driver/Src/stm32f7xx_hal_can.o
                0x0000000008003cc2                HAL_CAN_RxFifo1FullCallback
 .text.HAL_CAN_SleepCallback
                0x0000000008003cd6       0x14 ./Drivers/STM32F7xx_HAL_Driver/Src/stm32f7xx_hal_can.o
                0x0000000008003cd6                HAL_CAN_SleepCallback
 .text.HAL_CAN_WakeUpFromRxMsgCallback
                0x0000000008003cea       0x14 ./Drivers/STM32F7xx_HAL_Driver/Src/stm32f7xx_hal_can.o
                0x0000000008003cea                HAL_CAN_WakeUpFromRxMsgCallback
 .text.HAL_CAN_ErrorCallback
                0x0000000008003cfe       0x14 ./Drivers/STM32F7xx_HAL_Driver/Src/stm32f7xx_hal_can.o
                0x0000000008003cfe                HAL_CAN_ErrorCallback
 *fill*         0x0000000008003d12        0x2 
 .text.__NVIC_SetPriorityGrouping
                0x0000000008003d14       0x48 ./Drivers/STM32F7xx_HAL_Driver/Src/stm32f7xx_hal_cortex.o
 .text.__NVIC_GetPriorityGrouping
                0x0000000008003d5c       0x1c ./Drivers/STM32F7xx_HAL_Driver/Src/stm32f7xx_hal_cortex.o
 .text.__NVIC_EnableIRQ
                0x0000000008003d78       0x3c ./Drivers/STM32F7xx_HAL_Driver/Src/stm32f7xx_hal_cortex.o
 .text.__NVIC_SetPriority
                0x0000000008003db4       0x54 ./Drivers/STM32F7xx_HAL_Driver/Src/stm32f7xx_hal_cortex.o
 .text.NVIC_EncodePriority
                0x0000000008003e08       0x66 ./Drivers/STM32F7xx_HAL_Driver/Src/stm32f7xx_hal_cortex.o
 *fill*         0x0000000008003e6e        0x2 
 .text.SysTick_Config
                0x0000000008003e70       0x44 ./Drivers/STM32F7xx_HAL_Driver/Src/stm32f7xx_hal_cortex.o
 .text.HAL_NVIC_SetPriorityGrouping
                0x0000000008003eb4       0x16 ./Drivers/STM32F7xx_HAL_Driver/Src/stm32f7xx_hal_cortex.o
                0x0000000008003eb4                HAL_NVIC_SetPriorityGrouping
 .text.HAL_NVIC_SetPriority
                0x0000000008003eca       0x38 ./Drivers/STM32F7xx_HAL_Driver/Src/stm32f7xx_hal_cortex.o
                0x0000000008003eca                HAL_NVIC_SetPriority
 .text.HAL_NVIC_EnableIRQ
                0x0000000008003f02       0x1c ./Drivers/STM32F7xx_HAL_Driver/Src/stm32f7xx_hal_cortex.o
                0x0000000008003f02                HAL_NVIC_EnableIRQ
 .text.HAL_SYSTICK_Config
                0x0000000008003f1e       0x18 ./Drivers/STM32F7xx_HAL_Driver/Src/stm32f7xx_hal_cortex.o
                0x0000000008003f1e                HAL_SYSTICK_Config
 *fill*         0x0000000008003f36        0x2 
 .text.HAL_GPIO_Init
                0x0000000008003f38      0x358 ./Drivers/STM32F7xx_HAL_Driver/Src/stm32f7xx_hal_gpio.o
                0x0000000008003f38                HAL_GPIO_Init
 .text.HAL_GPIO_WritePin
                0x0000000008004290       0x32 ./Drivers/STM32F7xx_HAL_Driver/Src/stm32f7xx_hal_gpio.o
                0x0000000008004290                HAL_GPIO_WritePin
 .text.HAL_GPIO_TogglePin
                0x00000000080042c2       0x34 ./Drivers/STM32F7xx_HAL_Driver/Src/stm32f7xx_hal_gpio.o
                0x00000000080042c2                HAL_GPIO_TogglePin
 *fill*         0x00000000080042f6        0x2 
 .text.HAL_RCC_OscConfig
                0x00000000080042f8      0x55c ./Drivers/STM32F7xx_HAL_Driver/Src/stm32f7xx_hal_rcc.o
                0x00000000080042f8                HAL_RCC_OscConfig
 .text.HAL_RCC_ClockConfig
                0x0000000008004854      0x1d8 ./Drivers/STM32F7xx_HAL_Driver/Src/stm32f7xx_hal_rcc.o
                0x0000000008004854                HAL_RCC_ClockConfig
 .text.HAL_RCC_GetSysClockFreq
                0x0000000008004a2c      0x18c ./Drivers/STM32F7xx_HAL_Driver/Src/stm32f7xx_hal_rcc.o
                0x0000000008004a2c                HAL_RCC_GetSysClockFreq
 .text.HAL_RCC_GetHCLKFreq
                0x0000000008004bb8       0x18 ./Drivers/STM32F7xx_HAL_Driver/Src/stm32f7xx_hal_rcc.o
                0x0000000008004bb8                HAL_RCC_GetHCLKFreq
 .text.HAL_RCC_GetPCLK1Freq
                0x0000000008004bd0       0x28 ./Drivers/STM32F7xx_HAL_Driver/Src/stm32f7xx_hal_rcc.o
                0x0000000008004bd0                HAL_RCC_GetPCLK1Freq
 .text.HAL_RCC_GetPCLK2Freq
                0x0000000008004bf8       0x28 ./Drivers/STM32F7xx_HAL_Driver/Src/stm32f7xx_hal_rcc.o
                0x0000000008004bf8                HAL_RCC_GetPCLK2Freq
 .text.HAL_RCCEx_PeriphCLKConfig
                0x0000000008004c20      0x850 ./Drivers/STM32F7xx_HAL_Driver/Src/stm32f7xx_hal_rcc_ex.o
                0x0000000008004c20                HAL_RCCEx_PeriphCLKConfig
 .text.HAL_TIM_Base_Init
                0x0000000008005470       0xae ./Drivers/STM32F7xx_HAL_Driver/Src/stm32f7xx_hal_tim.o
                0x0000000008005470                HAL_TIM_Base_Init
 *fill*         0x000000000800551e        0x2 
 .text.HAL_TIM_Base_Start_IT
                0x0000000008005520       0xf0 ./Drivers/STM32F7xx_HAL_Driver/Src/stm32f7xx_hal_tim.o
                0x0000000008005520                HAL_TIM_Base_Start_IT
 .text.HAL_TIM_IRQHandler
                0x0000000008005610      0x23e ./Drivers/STM32F7xx_HAL_Driver/Src/stm32f7xx_hal_tim.o
                0x0000000008005610                HAL_TIM_IRQHandler
 *fill*         0x000000000800584e        0x2 
 .text.HAL_TIM_ConfigClockSource
                0x0000000008005850      0x194 ./Drivers/STM32F7xx_HAL_Driver/Src/stm32f7xx_hal_tim.o
                0x0000000008005850                HAL_TIM_ConfigClockSource
 .text.HAL_TIM_OC_DelayElapsedCallback
                0x00000000080059e4       0x14 ./Drivers/STM32F7xx_HAL_Driver/Src/stm32f7xx_hal_tim.o
                0x00000000080059e4                HAL_TIM_OC_DelayElapsedCallback
 .text.HAL_TIM_IC_CaptureCallback
                0x00000000080059f8       0x14 ./Drivers/STM32F7xx_HAL_Driver/Src/stm32f7xx_hal_tim.o
                0x00000000080059f8                HAL_TIM_IC_CaptureCallback
 .text.HAL_TIM_PWM_PulseFinishedCallback
                0x0000000008005a0c       0x14 ./Drivers/STM32F7xx_HAL_Driver/Src/stm32f7xx_hal_tim.o
                0x0000000008005a0c                HAL_TIM_PWM_PulseFinishedCallback
 .text.HAL_TIM_TriggerCallback
                0x0000000008005a20       0x14 ./Drivers/STM32F7xx_HAL_Driver/Src/stm32f7xx_hal_tim.o
                0x0000000008005a20                HAL_TIM_TriggerCallback
 .text.TIM_Base_SetConfig
                0x0000000008005a34      0x140 ./Drivers/STM32F7xx_HAL_Driver/Src/stm32f7xx_hal_tim.o
                0x0000000008005a34                TIM_Base_SetConfig
 .text.TIM_TI1_ConfigInputStage
                0x0000000008005b74       0x5e ./Drivers/STM32F7xx_HAL_Driver/Src/stm32f7xx_hal_tim.o
 .text.TIM_TI2_ConfigInputStage
                0x0000000008005bd2       0x60 ./Drivers/STM32F7xx_HAL_Driver/Src/stm32f7xx_hal_tim.o
 .text.TIM_ITRx_SetConfig
                0x0000000008005c32       0x36 ./Drivers/STM32F7xx_HAL_Driver/Src/stm32f7xx_hal_tim.o
 .text.TIM_ETR_SetConfig
                0x0000000008005c68       0x40 ./Drivers/STM32F7xx_HAL_Driver/Src/stm32f7xx_hal_tim.o
                0x0000000008005c68                TIM_ETR_SetConfig
 .text.HAL_TIMEx_MasterConfigSynchronization
                0x0000000008005ca8      0x11c ./Drivers/STM32F7xx_HAL_Driver/Src/stm32f7xx_hal_tim_ex.o
                0x0000000008005ca8                HAL_TIMEx_MasterConfigSynchronization
 .text.HAL_TIMEx_CommutCallback
                0x0000000008005dc4       0x14 ./Drivers/STM32F7xx_HAL_Driver/Src/stm32f7xx_hal_tim_ex.o
                0x0000000008005dc4                HAL_TIMEx_CommutCallback
 .text.HAL_TIMEx_BreakCallback
                0x0000000008005dd8       0x14 ./Drivers/STM32F7xx_HAL_Driver/Src/stm32f7xx_hal_tim_ex.o
                0x0000000008005dd8                HAL_TIMEx_BreakCallback
 .text.HAL_TIMEx_Break2Callback
                0x0000000008005dec       0x14 ./Drivers/STM32F7xx_HAL_Driver/Src/stm32f7xx_hal_tim_ex.o
                0x0000000008005dec                HAL_TIMEx_Break2Callback
 .text.HAL_UART_Init
                0x0000000008005e00       0x9c ./Drivers/STM32F7xx_HAL_Driver/Src/stm32f7xx_hal_uart.o
                0x0000000008005e00                HAL_UART_Init
 .text.HAL_UART_Transmit
                0x0000000008005e9c      0x106 ./Drivers/STM32F7xx_HAL_Driver/Src/stm32f7xx_hal_uart.o
                0x0000000008005e9c                HAL_UART_Transmit
 .text.HAL_UART_Receive
                0x0000000008005fa2      0x188 ./Drivers/STM32F7xx_HAL_Driver/Src/stm32f7xx_hal_uart.o
                0x0000000008005fa2                HAL_UART_Receive
 *fill*         0x000000000800612a        0x2 
 .text.UART_SetConfig
                0x000000000800612c      0x4c8 ./Drivers/STM32F7xx_HAL_Driver/Src/stm32f7xx_hal_uart.o
                0x000000000800612c                UART_SetConfig
 .text.UART_AdvFeatureConfig
                0x00000000080065f4      0x144 ./Drivers/STM32F7xx_HAL_Driver/Src/stm32f7xx_hal_uart.o
                0x00000000080065f4                UART_AdvFeatureConfig
 .text.UART_CheckIdleState
                0x0000000008006738       0x9a ./Drivers/STM32F7xx_HAL_Driver/Src/stm32f7xx_hal_uart.o
                0x0000000008006738                UART_CheckIdleState
 .text.UART_WaitOnFlagUntilTimeout
                0x00000000080067d2      0x18c ./Drivers/STM32F7xx_HAL_Driver/Src/stm32f7xx_hal_uart.o
                0x00000000080067d2                UART_WaitOnFlagUntilTimeout
 *fill*         0x000000000800695e        0x2 
 .text.__errno  0x0000000008006960        0xc /Applications/STM32CubeIDE.app/Contents/Eclipse/plugins/com.st.stm32cube.ide.mcu.externaltools.gnu-tools-for-stm32.10.3-2021.10.macos64_1.0.100.202210260954/tools/bin/../lib/gcc/arm-none-eabi/10.3.1/../../../../arm-none-eabi/lib/thumb/v7e-m+dp/hard/libc_nano.a(lib_a-errno.o)
                0x0000000008006960                __errno
 .text.__libc_init_array
                0x000000000800696c       0x48 /Applications/STM32CubeIDE.app/Contents/Eclipse/plugins/com.st.stm32cube.ide.mcu.externaltools.gnu-tools-for-stm32.10.3-2021.10.macos64_1.0.100.202210260954/tools/bin/../lib/gcc/arm-none-eabi/10.3.1/../../../../arm-none-eabi/lib/thumb/v7e-m+dp/hard/libc_nano.a(lib_a-init.o)
                0x000000000800696c                __libc_init_array
 .text.memset   0x00000000080069b4       0x10 /Applications/STM32CubeIDE.app/Contents/Eclipse/plugins/com.st.stm32cube.ide.mcu.externaltools.gnu-tools-for-stm32.10.3-2021.10.macos64_1.0.100.202210260954/tools/bin/../lib/gcc/arm-none-eabi/10.3.1/../../../../arm-none-eabi/lib/thumb/v7e-m+dp/hard/libc_nano.a(lib_a-memset.o)
                0x00000000080069b4                memset
 .text.__cvt    0x00000000080069c4       0xa4 /Applications/STM32CubeIDE.app/Contents/Eclipse/plugins/com.st.stm32cube.ide.mcu.externaltools.gnu-tools-for-stm32.10.3-2021.10.macos64_1.0.100.202210260954/tools/bin/../lib/gcc/arm-none-eabi/10.3.1/../../../../arm-none-eabi/lib/thumb/v7e-m+dp/hard/libc_nano.a(lib_a-nano-vfprintf_float.o)
                0x00000000080069c4                __cvt
 .text.__exponent
                0x0000000008006a68       0x7c /Applications/STM32CubeIDE.app/Contents/Eclipse/plugins/com.st.stm32cube.ide.mcu.externaltools.gnu-tools-for-stm32.10.3-2021.10.macos64_1.0.100.202210260954/tools/bin/../lib/gcc/arm-none-eabi/10.3.1/../../../../arm-none-eabi/lib/thumb/v7e-m+dp/hard/libc_nano.a(lib_a-nano-vfprintf_float.o)
                0x0000000008006a68                __exponent
 *fill*         0x0000000008006ae4        0x4 
 .text._printf_float
                0x0000000008006ae8      0x43c /Applications/STM32CubeIDE.app/Contents/Eclipse/plugins/com.st.stm32cube.ide.mcu.externaltools.gnu-tools-for-stm32.10.3-2021.10.macos64_1.0.100.202210260954/tools/bin/../lib/gcc/arm-none-eabi/10.3.1/../../../../arm-none-eabi/lib/thumb/v7e-m+dp/hard/libc_nano.a(lib_a-nano-vfprintf_float.o)
                0x0000000008006ae8                _printf_float
 .text._printf_common
                0x0000000008006f24       0xda /Applications/STM32CubeIDE.app/Contents/Eclipse/plugins/com.st.stm32cube.ide.mcu.externaltools.gnu-tools-for-stm32.10.3-2021.10.macos64_1.0.100.202210260954/tools/bin/../lib/gcc/arm-none-eabi/10.3.1/../../../../arm-none-eabi/lib/thumb/v7e-m+dp/hard/libc_nano.a(lib_a-nano-vfprintf_i.o)
                0x0000000008006f24                _printf_common
 *fill*         0x0000000008006ffe        0x2 
 .text._printf_i
                0x0000000008007000      0x24c /Applications/STM32CubeIDE.app/Contents/Eclipse/plugins/com.st.stm32cube.ide.mcu.externaltools.gnu-tools-for-stm32.10.3-2021.10.macos64_1.0.100.202210260954/tools/bin/../lib/gcc/arm-none-eabi/10.3.1/../../../../arm-none-eabi/lib/thumb/v7e-m+dp/hard/libc_nano.a(lib_a-nano-vfprintf_i.o)
                0x0000000008007000                _printf_i
 .text.setvbuf  0x000000000800724c      0x18c /Applications/STM32CubeIDE.app/Contents/Eclipse/plugins/com.st.stm32cube.ide.mcu.externaltools.gnu-tools-for-stm32.10.3-2021.10.macos64_1.0.100.202210260954/tools/bin/../lib/gcc/arm-none-eabi/10.3.1/../../../../arm-none-eabi/lib/thumb/v7e-m+dp/hard/libc_nano.a(lib_a-setvbuf.o)
                0x000000000800724c                setvbuf
 .text.quorem   0x00000000080073d8      0x116 /Applications/STM32CubeIDE.app/Contents/Eclipse/plugins/com.st.stm32cube.ide.mcu.externaltools.gnu-tools-for-stm32.10.3-2021.10.macos64_1.0.100.202210260954/tools/bin/../lib/gcc/arm-none-eabi/10.3.1/../../../../arm-none-eabi/lib/thumb/v7e-m+dp/hard/libc_nano.a(lib_a-dtoa.o)
 *fill*         0x00000000080074ee        0x2 
 .text._dtoa_r  0x00000000080074f0      0xadc /Applications/STM32CubeIDE.app/Contents/Eclipse/plugins/com.st.stm32cube.ide.mcu.externaltools.gnu-tools-for-stm32.10.3-2021.10.macos64_1.0.100.202210260954/tools/bin/../lib/gcc/arm-none-eabi/10.3.1/../../../../arm-none-eabi/lib/thumb/v7e-m+dp/hard/libc_nano.a(lib_a-dtoa.o)
                0x00000000080074f0                _dtoa_r
 .text.__sflush_r
                0x0000000008007fcc      0x10c /Applications/STM32CubeIDE.app/Contents/Eclipse/plugins/com.st.stm32cube.ide.mcu.externaltools.gnu-tools-for-stm32.10.3-2021.10.macos64_1.0.100.202210260954/tools/bin/../lib/gcc/arm-none-eabi/10.3.1/../../../../arm-none-eabi/lib/thumb/v7e-m+dp/hard/libc_nano.a(lib_a-fflush.o)
                0x0000000008007fcc                __sflush_r
 .text._fflush_r
                0x00000000080080d8       0x78 /Applications/STM32CubeIDE.app/Contents/Eclipse/plugins/com.st.stm32cube.ide.mcu.externaltools.gnu-tools-for-stm32.10.3-2021.10.macos64_1.0.100.202210260954/tools/bin/../lib/gcc/arm-none-eabi/10.3.1/../../../../arm-none-eabi/lib/thumb/v7e-m+dp/hard/libc_nano.a(lib_a-fflush.o)
                0x00000000080080d8                _fflush_r
 .text.std      0x0000000008008150       0x48 /Applications/STM32CubeIDE.app/Contents/Eclipse/plugins/com.st.stm32cube.ide.mcu.externaltools.gnu-tools-for-stm32.10.3-2021.10.macos64_1.0.100.202210260954/tools/bin/../lib/gcc/arm-none-eabi/10.3.1/../../../../arm-none-eabi/lib/thumb/v7e-m+dp/hard/libc_nano.a(lib_a-findfp.o)
 .text._cleanup_r
                0x0000000008008198        0xc /Applications/STM32CubeIDE.app/Contents/Eclipse/plugins/com.st.stm32cube.ide.mcu.externaltools.gnu-tools-for-stm32.10.3-2021.10.macos64_1.0.100.202210260954/tools/bin/../lib/gcc/arm-none-eabi/10.3.1/../../../../arm-none-eabi/lib/thumb/v7e-m+dp/hard/libc_nano.a(lib_a-findfp.o)
                0x0000000008008198                _cleanup_r
 .text.__sfmoreglue
                0x00000000080081a4       0x2c /Applications/STM32CubeIDE.app/Contents/Eclipse/plugins/com.st.stm32cube.ide.mcu.externaltools.gnu-tools-for-stm32.10.3-2021.10.macos64_1.0.100.202210260954/tools/bin/../lib/gcc/arm-none-eabi/10.3.1/../../../../arm-none-eabi/lib/thumb/v7e-m+dp/hard/libc_nano.a(lib_a-findfp.o)
                0x00000000080081a4                __sfmoreglue
 .text.__sfp_lock_acquire
                0x00000000080081d0        0xc /Applications/STM32CubeIDE.app/Contents/Eclipse/plugins/com.st.stm32cube.ide.mcu.externaltools.gnu-tools-for-stm32.10.3-2021.10.macos64_1.0.100.202210260954/tools/bin/../lib/gcc/arm-none-eabi/10.3.1/../../../../arm-none-eabi/lib/thumb/v7e-m+dp/hard/libc_nano.a(lib_a-findfp.o)
                0x00000000080081d0                __sfp_lock_acquire
 .text.__sfp_lock_release
                0x00000000080081dc        0xc /Applications/STM32CubeIDE.app/Contents/Eclipse/plugins/com.st.stm32cube.ide.mcu.externaltools.gnu-tools-for-stm32.10.3-2021.10.macos64_1.0.100.202210260954/tools/bin/../lib/gcc/arm-none-eabi/10.3.1/../../../../arm-none-eabi/lib/thumb/v7e-m+dp/hard/libc_nano.a(lib_a-findfp.o)
                0x00000000080081dc                __sfp_lock_release
 .text.__sinit_lock_acquire
                0x00000000080081e8        0xc /Applications/STM32CubeIDE.app/Contents/Eclipse/plugins/com.st.stm32cube.ide.mcu.externaltools.gnu-tools-for-stm32.10.3-2021.10.macos64_1.0.100.202210260954/tools/bin/../lib/gcc/arm-none-eabi/10.3.1/../../../../arm-none-eabi/lib/thumb/v7e-m+dp/hard/libc_nano.a(lib_a-findfp.o)
                0x00000000080081e8                __sinit_lock_acquire
 .text.__sinit_lock_release
                0x00000000080081f4        0xc /Applications/STM32CubeIDE.app/Contents/Eclipse/plugins/com.st.stm32cube.ide.mcu.externaltools.gnu-tools-for-stm32.10.3-2021.10.macos64_1.0.100.202210260954/tools/bin/../lib/gcc/arm-none-eabi/10.3.1/../../../../arm-none-eabi/lib/thumb/v7e-m+dp/hard/libc_nano.a(lib_a-findfp.o)
                0x00000000080081f4                __sinit_lock_release
 .text.__sinit  0x0000000008008200       0x70 /Applications/STM32CubeIDE.app/Contents/Eclipse/plugins/com.st.stm32cube.ide.mcu.externaltools.gnu-tools-for-stm32.10.3-2021.10.macos64_1.0.100.202210260954/tools/bin/../lib/gcc/arm-none-eabi/10.3.1/../../../../arm-none-eabi/lib/thumb/v7e-m+dp/hard/libc_nano.a(lib_a-findfp.o)
                0x0000000008008200                __sinit
 .text.__sfp    0x0000000008008270       0x8c /Applications/STM32CubeIDE.app/Contents/Eclipse/plugins/com.st.stm32cube.ide.mcu.externaltools.gnu-tools-for-stm32.10.3-2021.10.macos64_1.0.100.202210260954/tools/bin/../lib/gcc/arm-none-eabi/10.3.1/../../../../arm-none-eabi/lib/thumb/v7e-m+dp/hard/libc_nano.a(lib_a-findfp.o)
                0x0000000008008270                __sfp
 .text._fwalk_reent
                0x00000000080082fc       0x3e /Applications/STM32CubeIDE.app/Contents/Eclipse/plugins/com.st.stm32cube.ide.mcu.externaltools.gnu-tools-for-stm32.10.3-2021.10.macos64_1.0.100.202210260954/tools/bin/../lib/gcc/arm-none-eabi/10.3.1/../../../../arm-none-eabi/lib/thumb/v7e-m+dp/hard/libc_nano.a(lib_a-fwalk.o)
                0x00000000080082fc                _fwalk_reent
 *fill*         0x000000000800833a        0x2 
 .text._localeconv_r
                0x000000000800833c        0x8 /Applications/STM32CubeIDE.app/Contents/Eclipse/plugins/com.st.stm32cube.ide.mcu.externaltools.gnu-tools-for-stm32.10.3-2021.10.macos64_1.0.100.202210260954/tools/bin/../lib/gcc/arm-none-eabi/10.3.1/../../../../arm-none-eabi/lib/thumb/v7e-m+dp/hard/libc_nano.a(lib_a-localeconv.o)
                0x000000000800833c                _localeconv_r
 .text.__retarget_lock_init_recursive
                0x0000000008008344        0x2 /Applications/STM32CubeIDE.app/Contents/Eclipse/plugins/com.st.stm32cube.ide.mcu.externaltools.gnu-tools-for-stm32.10.3-2021.10.macos64_1.0.100.202210260954/tools/bin/../lib/gcc/arm-none-eabi/10.3.1/../../../../arm-none-eabi/lib/thumb/v7e-m+dp/hard/libc_nano.a(lib_a-lock.o)
                0x0000000008008344                __retarget_lock_init_recursive
 .text.__retarget_lock_acquire_recursive
                0x0000000008008346        0x2 /Applications/STM32CubeIDE.app/Contents/Eclipse/plugins/com.st.stm32cube.ide.mcu.externaltools.gnu-tools-for-stm32.10.3-2021.10.macos64_1.0.100.202210260954/tools/bin/../lib/gcc/arm-none-eabi/10.3.1/../../../../arm-none-eabi/lib/thumb/v7e-m+dp/hard/libc_nano.a(lib_a-lock.o)
                0x0000000008008346                __retarget_lock_acquire_recursive
 .text.__retarget_lock_release_recursive
                0x0000000008008348        0x2 /Applications/STM32CubeIDE.app/Contents/Eclipse/plugins/com.st.stm32cube.ide.mcu.externaltools.gnu-tools-for-stm32.10.3-2021.10.macos64_1.0.100.202210260954/tools/bin/../lib/gcc/arm-none-eabi/10.3.1/../../../../arm-none-eabi/lib/thumb/v7e-m+dp/hard/libc_nano.a(lib_a-lock.o)
                0x0000000008008348                __retarget_lock_release_recursive
 .text.__swhatbuf_r
                0x000000000800834a       0x4a /Applications/STM32CubeIDE.app/Contents/Eclipse/plugins/com.st.stm32cube.ide.mcu.externaltools.gnu-tools-for-stm32.10.3-2021.10.macos64_1.0.100.202210260954/tools/bin/../lib/gcc/arm-none-eabi/10.3.1/../../../../arm-none-eabi/lib/thumb/v7e-m+dp/hard/libc_nano.a(lib_a-makebuf.o)
                0x000000000800834a                __swhatbuf_r
 .text.__smakebuf_r
                0x0000000008008394       0x80 /Applications/STM32CubeIDE.app/Contents/Eclipse/plugins/com.st.stm32cube.ide.mcu.externaltools.gnu-tools-for-stm32.10.3-2021.10.macos64_1.0.100.202210260954/tools/bin/../lib/gcc/arm-none-eabi/10.3.1/../../../../arm-none-eabi/lib/thumb/v7e-m+dp/hard/libc_nano.a(lib_a-makebuf.o)
                0x0000000008008394                __smakebuf_r
 .text.malloc   0x0000000008008414       0x10 /Applications/STM32CubeIDE.app/Contents/Eclipse/plugins/com.st.stm32cube.ide.mcu.externaltools.gnu-tools-for-stm32.10.3-2021.10.macos64_1.0.100.202210260954/tools/bin/../lib/gcc/arm-none-eabi/10.3.1/../../../../arm-none-eabi/lib/thumb/v7e-m+dp/hard/libc_nano.a(lib_a-malloc.o)
                0x0000000008008414                malloc
 .text.memcpy   0x0000000008008424       0x1c /Applications/STM32CubeIDE.app/Contents/Eclipse/plugins/com.st.stm32cube.ide.mcu.externaltools.gnu-tools-for-stm32.10.3-2021.10.macos64_1.0.100.202210260954/tools/bin/../lib/gcc/arm-none-eabi/10.3.1/../../../../arm-none-eabi/lib/thumb/v7e-m+dp/hard/libc_nano.a(lib_a-memcpy-stub.o)
                0x0000000008008424                memcpy
 .text._Balloc  0x0000000008008440       0x80 /Applications/STM32CubeIDE.app/Contents/Eclipse/plugins/com.st.stm32cube.ide.mcu.externaltools.gnu-tools-for-stm32.10.3-2021.10.macos64_1.0.100.202210260954/tools/bin/../lib/gcc/arm-none-eabi/10.3.1/../../../../arm-none-eabi/lib/thumb/v7e-m+dp/hard/libc_nano.a(lib_a-mprec.o)
                0x0000000008008440                _Balloc
 .text._Bfree   0x00000000080084c0       0x44 /Applications/STM32CubeIDE.app/Contents/Eclipse/plugins/com.st.stm32cube.ide.mcu.externaltools.gnu-tools-for-stm32.10.3-2021.10.macos64_1.0.100.202210260954/tools/bin/../lib/gcc/arm-none-eabi/10.3.1/../../../../arm-none-eabi/lib/thumb/v7e-m+dp/hard/libc_nano.a(lib_a-mprec.o)
                0x00000000080084c0                _Bfree
 .text.__multadd
                0x0000000008008504       0x8c /Applications/STM32CubeIDE.app/Contents/Eclipse/plugins/com.st.stm32cube.ide.mcu.externaltools.gnu-tools-for-stm32.10.3-2021.10.macos64_1.0.100.202210260954/tools/bin/../lib/gcc/arm-none-eabi/10.3.1/../../../../arm-none-eabi/lib/thumb/v7e-m+dp/hard/libc_nano.a(lib_a-mprec.o)
                0x0000000008008504                __multadd
 .text.__hi0bits
                0x0000000008008590       0x40 /Applications/STM32CubeIDE.app/Contents/Eclipse/plugins/com.st.stm32cube.ide.mcu.externaltools.gnu-tools-for-stm32.10.3-2021.10.macos64_1.0.100.202210260954/tools/bin/../lib/gcc/arm-none-eabi/10.3.1/../../../../arm-none-eabi/lib/thumb/v7e-m+dp/hard/libc_nano.a(lib_a-mprec.o)
                0x0000000008008590                __hi0bits
 .text.__lo0bits
                0x00000000080085d0       0x5e /Applications/STM32CubeIDE.app/Contents/Eclipse/plugins/com.st.stm32cube.ide.mcu.externaltools.gnu-tools-for-stm32.10.3-2021.10.macos64_1.0.100.202210260954/tools/bin/../lib/gcc/arm-none-eabi/10.3.1/../../../../arm-none-eabi/lib/thumb/v7e-m+dp/hard/libc_nano.a(lib_a-mprec.o)
                0x00000000080085d0                __lo0bits
 *fill*         0x000000000800862e        0x2 
 .text.__i2b    0x0000000008008630       0x2c /Applications/STM32CubeIDE.app/Contents/Eclipse/plugins/com.st.stm32cube.ide.mcu.externaltools.gnu-tools-for-stm32.10.3-2021.10.macos64_1.0.100.202210260954/tools/bin/../lib/gcc/arm-none-eabi/10.3.1/../../../../arm-none-eabi/lib/thumb/v7e-m+dp/hard/libc_nano.a(lib_a-mprec.o)
                0x0000000008008630                __i2b
 .text.__multiply
                0x000000000800865c      0x154 /Applications/STM32CubeIDE.app/Contents/Eclipse/plugins/com.st.stm32cube.ide.mcu.externaltools.gnu-tools-for-stm32.10.3-2021.10.macos64_1.0.100.202210260954/tools/bin/../lib/gcc/arm-none-eabi/10.3.1/../../../../arm-none-eabi/lib/thumb/v7e-m+dp/hard/libc_nano.a(lib_a-mprec.o)
                0x000000000800865c                __multiply
 .text.__pow5mult
                0x00000000080087b0       0xb4 /Applications/STM32CubeIDE.app/Contents/Eclipse/plugins/com.st.stm32cube.ide.mcu.externaltools.gnu-tools-for-stm32.10.3-2021.10.macos64_1.0.100.202210260954/tools/bin/../lib/gcc/arm-none-eabi/10.3.1/../../../../arm-none-eabi/lib/thumb/v7e-m+dp/hard/libc_nano.a(lib_a-mprec.o)
                0x00000000080087b0                __pow5mult
 .text.__lshift
                0x0000000008008864       0xe0 /Applications/STM32CubeIDE.app/Contents/Eclipse/plugins/com.st.stm32cube.ide.mcu.externaltools.gnu-tools-for-stm32.10.3-2021.10.macos64_1.0.100.202210260954/tools/bin/../lib/gcc/arm-none-eabi/10.3.1/../../../../arm-none-eabi/lib/thumb/v7e-m+dp/hard/libc_nano.a(lib_a-mprec.o)
                0x0000000008008864                __lshift
 .text.__mcmp   0x0000000008008944       0x38 /Applications/STM32CubeIDE.app/Contents/Eclipse/plugins/com.st.stm32cube.ide.mcu.externaltools.gnu-tools-for-stm32.10.3-2021.10.macos64_1.0.100.202210260954/tools/bin/../lib/gcc/arm-none-eabi/10.3.1/../../../../arm-none-eabi/lib/thumb/v7e-m+dp/hard/libc_nano.a(lib_a-mprec.o)
                0x0000000008008944                __mcmp
 .text.__mdiff  0x000000000800897c      0x114 /Applications/STM32CubeIDE.app/Contents/Eclipse/plugins/com.st.stm32cube.ide.mcu.externaltools.gnu-tools-for-stm32.10.3-2021.10.macos64_1.0.100.202210260954/tools/bin/../lib/gcc/arm-none-eabi/10.3.1/../../../../arm-none-eabi/lib/thumb/v7e-m+dp/hard/libc_nano.a(lib_a-mprec.o)
                0x000000000800897c                __mdiff
 .text.__d2b    0x0000000008008a90       0xb8 /Applications/STM32CubeIDE.app/Contents/Eclipse/plugins/com.st.stm32cube.ide.mcu.externaltools.gnu-tools-for-stm32.10.3-2021.10.macos64_1.0.100.202210260954/tools/bin/../lib/gcc/arm-none-eabi/10.3.1/../../../../arm-none-eabi/lib/thumb/v7e-m+dp/hard/libc_nano.a(lib_a-mprec.o)
                0x0000000008008a90                __d2b
 .text._calloc_r
                0x0000000008008b48       0x2c /Applications/STM32CubeIDE.app/Contents/Eclipse/plugins/com.st.stm32cube.ide.mcu.externaltools.gnu-tools-for-stm32.10.3-2021.10.macos64_1.0.100.202210260954/tools/bin/../lib/gcc/arm-none-eabi/10.3.1/../../../../arm-none-eabi/lib/thumb/v7e-m+dp/hard/libc_nano.a(lib_a-nano-callocr.o)
                0x0000000008008b48                _calloc_r
 .text._free_r  0x0000000008008b74       0x98 /Applications/STM32CubeIDE.app/Contents/Eclipse/plugins/com.st.stm32cube.ide.mcu.externaltools.gnu-tools-for-stm32.10.3-2021.10.macos64_1.0.100.202210260954/tools/bin/../lib/gcc/arm-none-eabi/10.3.1/../../../../arm-none-eabi/lib/thumb/v7e-m+dp/hard/libc_nano.a(lib_a-nano-freer.o)
                0x0000000008008b74                _free_r
 .text.sbrk_aligned
                0x0000000008008c0c       0x40 /Applications/STM32CubeIDE.app/Contents/Eclipse/plugins/com.st.stm32cube.ide.mcu.externaltools.gnu-tools-for-stm32.10.3-2021.10.macos64_1.0.100.202210260954/tools/bin/../lib/gcc/arm-none-eabi/10.3.1/../../../../arm-none-eabi/lib/thumb/v7e-m+dp/hard/libc_nano.a(lib_a-nano-mallocr.o)
 .text._malloc_r
                0x0000000008008c4c       0xe8 /Applications/STM32CubeIDE.app/Contents/Eclipse/plugins/com.st.stm32cube.ide.mcu.externaltools.gnu-tools-for-stm32.10.3-2021.10.macos64_1.0.100.202210260954/tools/bin/../lib/gcc/arm-none-eabi/10.3.1/../../../../arm-none-eabi/lib/thumb/v7e-m+dp/hard/libc_nano.a(lib_a-nano-mallocr.o)
                0x0000000008008c4c                _malloc_r
 .text._sbrk_r  0x0000000008008d34       0x20 /Applications/STM32CubeIDE.app/Contents/Eclipse/plugins/com.st.stm32cube.ide.mcu.externaltools.gnu-tools-for-stm32.10.3-2021.10.macos64_1.0.100.202210260954/tools/bin/../lib/gcc/arm-none-eabi/10.3.1/../../../../arm-none-eabi/lib/thumb/v7e-m+dp/hard/libc_nano.a(lib_a-sbrkr.o)
                0x0000000008008d34                _sbrk_r
 .text.__sread  0x0000000008008d54       0x22 /Applications/STM32CubeIDE.app/Contents/Eclipse/plugins/com.st.stm32cube.ide.mcu.externaltools.gnu-tools-for-stm32.10.3-2021.10.macos64_1.0.100.202210260954/tools/bin/../lib/gcc/arm-none-eabi/10.3.1/../../../../arm-none-eabi/lib/thumb/v7e-m+dp/hard/libc_nano.a(lib_a-stdio.o)
                0x0000000008008d54                __sread
 .text.__swrite
                0x0000000008008d76       0x38 /Applications/STM32CubeIDE.app/Contents/Eclipse/plugins/com.st.stm32cube.ide.mcu.externaltools.gnu-tools-for-stm32.10.3-2021.10.macos64_1.0.100.202210260954/tools/bin/../lib/gcc/arm-none-eabi/10.3.1/../../../../arm-none-eabi/lib/thumb/v7e-m+dp/hard/libc_nano.a(lib_a-stdio.o)
                0x0000000008008d76                __swrite
 .text.__sseek  0x0000000008008dae       0x24 /Applications/STM32CubeIDE.app/Contents/Eclipse/plugins/com.st.stm32cube.ide.mcu.externaltools.gnu-tools-for-stm32.10.3-2021.10.macos64_1.0.100.202210260954/tools/bin/../lib/gcc/arm-none-eabi/10.3.1/../../../../arm-none-eabi/lib/thumb/v7e-m+dp/hard/libc_nano.a(lib_a-stdio.o)
                0x0000000008008dae                __sseek
 .text.__sclose
                0x0000000008008dd2        0x8 /Applications/STM32CubeIDE.app/Contents/Eclipse/plugins/com.st.stm32cube.ide.mcu.externaltools.gnu-tools-for-stm32.10.3-2021.10.macos64_1.0.100.202210260954/tools/bin/../lib/gcc/arm-none-eabi/10.3.1/../../../../arm-none-eabi/lib/thumb/v7e-m+dp/hard/libc_nano.a(lib_a-stdio.o)
                0x0000000008008dd2                __sclose
 *fill*         0x0000000008008dda        0x2 
 .text._write_r
                0x0000000008008ddc       0x24 /Applications/STM32CubeIDE.app/Contents/Eclipse/plugins/com.st.stm32cube.ide.mcu.externaltools.gnu-tools-for-stm32.10.3-2021.10.macos64_1.0.100.202210260954/tools/bin/../lib/gcc/arm-none-eabi/10.3.1/../../../../arm-none-eabi/lib/thumb/v7e-m+dp/hard/libc_nano.a(lib_a-writer.o)
                0x0000000008008ddc                _write_r
 .text.__assert_func
                0x0000000008008e00       0x3c /Applications/STM32CubeIDE.app/Contents/Eclipse/plugins/com.st.stm32cube.ide.mcu.externaltools.gnu-tools-for-stm32.10.3-2021.10.macos64_1.0.100.202210260954/tools/bin/../lib/gcc/arm-none-eabi/10.3.1/../../../../arm-none-eabi/lib/thumb/v7e-m+dp/hard/libc_nano.a(lib_a-assert.o)
                0x0000000008008e00                __assert_func
 .text._close_r
                0x0000000008008e3c       0x20 /Applications/STM32CubeIDE.app/Contents/Eclipse/plugins/com.st.stm32cube.ide.mcu.externaltools.gnu-tools-for-stm32.10.3-2021.10.macos64_1.0.100.202210260954/tools/bin/../lib/gcc/arm-none-eabi/10.3.1/../../../../arm-none-eabi/lib/thumb/v7e-m+dp/hard/libc_nano.a(lib_a-closer.o)
                0x0000000008008e3c                _close_r
 .text.fprintf  0x0000000008008e5c       0x24 /Applications/STM32CubeIDE.app/Contents/Eclipse/plugins/com.st.stm32cube.ide.mcu.externaltools.gnu-tools-for-stm32.10.3-2021.10.macos64_1.0.100.202210260954/tools/bin/../lib/gcc/arm-none-eabi/10.3.1/../../../../arm-none-eabi/lib/thumb/v7e-m+dp/hard/libc_nano.a(lib_a-fprintf.o)
                0x0000000008008e5c                fprintf
                0x0000000008008e5c                fiprintf
 .text._fstat_r
                0x0000000008008e80       0x24 /Applications/STM32CubeIDE.app/Contents/Eclipse/plugins/com.st.stm32cube.ide.mcu.externaltools.gnu-tools-for-stm32.10.3-2021.10.macos64_1.0.100.202210260954/tools/bin/../lib/gcc/arm-none-eabi/10.3.1/../../../../arm-none-eabi/lib/thumb/v7e-m+dp/hard/libc_nano.a(lib_a-fstatr.o)
                0x0000000008008e80                _fstat_r
 .text._isatty_r
                0x0000000008008ea4       0x20 /Applications/STM32CubeIDE.app/Contents/Eclipse/plugins/com.st.stm32cube.ide.mcu.externaltools.gnu-tools-for-stm32.10.3-2021.10.macos64_1.0.100.202210260954/tools/bin/../lib/gcc/arm-none-eabi/10.3.1/../../../../arm-none-eabi/lib/thumb/v7e-m+dp/hard/libc_nano.a(lib_a-isattyr.o)
                0x0000000008008ea4                _isatty_r
 .text._lseek_r
                0x0000000008008ec4       0x24 /Applications/STM32CubeIDE.app/Contents/Eclipse/plugins/com.st.stm32cube.ide.mcu.externaltools.gnu-tools-for-stm32.10.3-2021.10.macos64_1.0.100.202210260954/tools/bin/../lib/gcc/arm-none-eabi/10.3.1/../../../../arm-none-eabi/lib/thumb/v7e-m+dp/hard/libc_nano.a(lib_a-lseekr.o)
                0x0000000008008ec4                _lseek_r
 .text.__ascii_mbtowc
                0x0000000008008ee8       0x24 /Applications/STM32CubeIDE.app/Contents/Eclipse/plugins/com.st.stm32cube.ide.mcu.externaltools.gnu-tools-for-stm32.10.3-2021.10.macos64_1.0.100.202210260954/tools/bin/../lib/gcc/arm-none-eabi/10.3.1/../../../../arm-none-eabi/lib/thumb/v7e-m+dp/hard/libc_nano.a(lib_a-mbtowc_r.o)
                0x0000000008008ee8                __ascii_mbtowc
 .text.__malloc_lock
                0x0000000008008f0c        0xc /Applications/STM32CubeIDE.app/Contents/Eclipse/plugins/com.st.stm32cube.ide.mcu.externaltools.gnu-tools-for-stm32.10.3-2021.10.macos64_1.0.100.202210260954/tools/bin/../lib/gcc/arm-none-eabi/10.3.1/../../../../arm-none-eabi/lib/thumb/v7e-m+dp/hard/libc_nano.a(lib_a-mlock.o)
                0x0000000008008f0c                __malloc_lock
 .text.__malloc_unlock
                0x0000000008008f18        0xc /Applications/STM32CubeIDE.app/Contents/Eclipse/plugins/com.st.stm32cube.ide.mcu.externaltools.gnu-tools-for-stm32.10.3-2021.10.macos64_1.0.100.202210260954/tools/bin/../lib/gcc/arm-none-eabi/10.3.1/../../../../arm-none-eabi/lib/thumb/v7e-m+dp/hard/libc_nano.a(lib_a-mlock.o)
                0x0000000008008f18                __malloc_unlock
 .text.__sfputc_r
                0x0000000008008f24       0x2e /Applications/STM32CubeIDE.app/Contents/Eclipse/plugins/com.st.stm32cube.ide.mcu.externaltools.gnu-tools-for-stm32.10.3-2021.10.macos64_1.0.100.202210260954/tools/bin/../lib/gcc/arm-none-eabi/10.3.1/../../../../arm-none-eabi/lib/thumb/v7e-m+dp/hard/libc_nano.a(lib_a-nano-vfprintf.o)
 .text.__sfputs_r
                0x0000000008008f52       0x24 /Applications/STM32CubeIDE.app/Contents/Eclipse/plugins/com.st.stm32cube.ide.mcu.externaltools.gnu-tools-for-stm32.10.3-2021.10.macos64_1.0.100.202210260954/tools/bin/../lib/gcc/arm-none-eabi/10.3.1/../../../../arm-none-eabi/lib/thumb/v7e-m+dp/hard/libc_nano.a(lib_a-nano-vfprintf.o)
                0x0000000008008f52                __sfputs_r
 *fill*         0x0000000008008f76        0x2 
 .text._vfprintf_r
                0x0000000008008f78      0x260 /Applications/STM32CubeIDE.app/Contents/Eclipse/plugins/com.st.stm32cube.ide.mcu.externaltools.gnu-tools-for-stm32.10.3-2021.10.macos64_1.0.100.202210260954/tools/bin/../lib/gcc/arm-none-eabi/10.3.1/../../../../arm-none-eabi/lib/thumb/v7e-m+dp/hard/libc_nano.a(lib_a-nano-vfprintf.o)
                0x0000000008008f78                _vfiprintf_r
                0x0000000008008f78                _vfprintf_r
 .text._read_r  0x00000000080091d8       0x24 /Applications/STM32CubeIDE.app/Contents/Eclipse/plugins/com.st.stm32cube.ide.mcu.externaltools.gnu-tools-for-stm32.10.3-2021.10.macos64_1.0.100.202210260954/tools/bin/../lib/gcc/arm-none-eabi/10.3.1/../../../../arm-none-eabi/lib/thumb/v7e-m+dp/hard/libc_nano.a(lib_a-readr.o)
                0x00000000080091d8                _read_r
 .text.__swbuf_r
                0x00000000080091fc       0xa4 /Applications/STM32CubeIDE.app/Contents/Eclipse/plugins/com.st.stm32cube.ide.mcu.externaltools.gnu-tools-for-stm32.10.3-2021.10.macos64_1.0.100.202210260954/tools/bin/../lib/gcc/arm-none-eabi/10.3.1/../../../../arm-none-eabi/lib/thumb/v7e-m+dp/hard/libc_nano.a(lib_a-wbuf.o)
                0x00000000080091fc                __swbuf_r
 .text.__ascii_wctomb
                0x00000000080092a0       0x1a /Applications/STM32CubeIDE.app/Contents/Eclipse/plugins/com.st.stm32cube.ide.mcu.externaltools.gnu-tools-for-stm32.10.3-2021.10.macos64_1.0.100.202210260954/tools/bin/../lib/gcc/arm-none-eabi/10.3.1/../../../../arm-none-eabi/lib/thumb/v7e-m+dp/hard/libc_nano.a(lib_a-wctomb_r.o)
                0x00000000080092a0                __ascii_wctomb
 *fill*         0x00000000080092ba        0x2 
 .text.__swsetup_r
                0x00000000080092bc       0xdc /Applications/STM32CubeIDE.app/Contents/Eclipse/plugins/com.st.stm32cube.ide.mcu.externaltools.gnu-tools-for-stm32.10.3-2021.10.macos64_1.0.100.202210260954/tools/bin/../lib/gcc/arm-none-eabi/10.3.1/../../../../arm-none-eabi/lib/thumb/v7e-m+dp/hard/libc_nano.a(lib_a-wsetup.o)
                0x00000000080092bc                __swsetup_r
 .text.abort    0x0000000008009398        0xe /Applications/STM32CubeIDE.app/Contents/Eclipse/plugins/com.st.stm32cube.ide.mcu.externaltools.gnu-tools-for-stm32.10.3-2021.10.macos64_1.0.100.202210260954/tools/bin/../lib/gcc/arm-none-eabi/10.3.1/../../../../arm-none-eabi/lib/thumb/v7e-m+dp/hard/libc_nano.a(lib_a-abort.o)
                0x0000000008009398                abort
 .text._raise_r
                0x00000000080093a6       0x50 /Applications/STM32CubeIDE.app/Contents/Eclipse/plugins/com.st.stm32cube.ide.mcu.externaltools.gnu-tools-for-stm32.10.3-2021.10.macos64_1.0.100.202210260954/tools/bin/../lib/gcc/arm-none-eabi/10.3.1/../../../../arm-none-eabi/lib/thumb/v7e-m+dp/hard/libc_nano.a(lib_a-signal.o)
                0x00000000080093a6                _raise_r
 *fill*         0x00000000080093f6        0x2 
 .text.raise    0x00000000080093f8       0x10 /Applications/STM32CubeIDE.app/Contents/Eclipse/plugins/com.st.stm32cube.ide.mcu.externaltools.gnu-tools-for-stm32.10.3-2021.10.macos64_1.0.100.202210260954/tools/bin/../lib/gcc/arm-none-eabi/10.3.1/../../../../arm-none-eabi/lib/thumb/v7e-m+dp/hard/libc_nano.a(lib_a-signal.o)
                0x00000000080093f8                raise
 .text._kill_r  0x0000000008009408       0x24 /Applications/STM32CubeIDE.app/Contents/Eclipse/plugins/com.st.stm32cube.ide.mcu.externaltools.gnu-tools-for-stm32.10.3-2021.10.macos64_1.0.100.202210260954/tools/bin/../lib/gcc/arm-none-eabi/10.3.1/../../../../arm-none-eabi/lib/thumb/v7e-m+dp/hard/libc_nano.a(lib_a-signalr.o)
                0x0000000008009408                _kill_r
 .text._getpid_r
                0x000000000800942c        0x4 /Applications/STM32CubeIDE.app/Contents/Eclipse/plugins/com.st.stm32cube.ide.mcu.externaltools.gnu-tools-for-stm32.10.3-2021.10.macos64_1.0.100.202210260954/tools/bin/../lib/gcc/arm-none-eabi/10.3.1/../../../../arm-none-eabi/lib/thumb/v7e-m+dp/hard/libc_nano.a(lib_a-signalr.o)
                0x000000000800942c                _getpid_r
 .text.fmaxf    0x0000000008009430       0x36 /Applications/STM32CubeIDE.app/Contents/Eclipse/plugins/com.st.stm32cube.ide.mcu.externaltools.gnu-tools-for-stm32.10.3-2021.10.macos64_1.0.100.202210260954/tools/bin/../lib/gcc/arm-none-eabi/10.3.1/../../../../arm-none-eabi/lib/thumb/v7e-m+dp/hard/libm.a(lib_a-sf_fmax.o)
                0x0000000008009430                fmaxf
 .text.fminf    0x0000000008009466       0x36 /Applications/STM32CubeIDE.app/Contents/Eclipse/plugins/com.st.stm32cube.ide.mcu.externaltools.gnu-tools-for-stm32.10.3-2021.10.macos64_1.0.100.202210260954/tools/bin/../lib/gcc/arm-none-eabi/10.3.1/../../../../arm-none-eabi/lib/thumb/v7e-m+dp/hard/libm.a(lib_a-sf_fmin.o)
                0x0000000008009466                fminf
 .text.__fpclassifyf
                0x000000000800949c       0x38 /Applications/STM32CubeIDE.app/Contents/Eclipse/plugins/com.st.stm32cube.ide.mcu.externaltools.gnu-tools-for-stm32.10.3-2021.10.macos64_1.0.100.202210260954/tools/bin/../lib/gcc/arm-none-eabi/10.3.1/../../../../arm-none-eabi/lib/thumb/v7e-m+dp/hard/libm.a(lib_a-sf_fpclassify.o)
                0x000000000800949c                __fpclassifyf
 .text.sqrtf    0x00000000080094d4       0x3c /Applications/STM32CubeIDE.app/Contents/Eclipse/plugins/com.st.stm32cube.ide.mcu.externaltools.gnu-tools-for-stm32.10.3-2021.10.macos64_1.0.100.202210260954/tools/bin/../lib/gcc/arm-none-eabi/10.3.1/../../../../arm-none-eabi/lib/thumb/v7e-m+dp/hard/libm.a(lib_a-wf_sqrt.o)
                0x00000000080094d4                sqrtf
 .text.__ieee754_sqrtf
                0x0000000008009510        0x6 /Applications/STM32CubeIDE.app/Contents/Eclipse/plugins/com.st.stm32cube.ide.mcu.externaltools.gnu-tools-for-stm32.10.3-2021.10.macos64_1.0.100.202210260954/tools/bin/../lib/gcc/arm-none-eabi/10.3.1/../../../../arm-none-eabi/lib/thumb/v7e-m+dp/hard/libm.a(lib_a-ef_sqrt.o)
                0x0000000008009510                __ieee754_sqrtf
 *fill*         0x0000000008009516        0x2 
 .text._getpid  0x0000000008009518       0x10 /Applications/STM32CubeIDE.app/Contents/Eclipse/plugins/com.st.stm32cube.ide.mcu.externaltools.gnu-tools-for-stm32.10.3-2021.10.macos64_1.0.100.202210260954/tools/bin/../lib/gcc/arm-none-eabi/10.3.1/../../../../arm-none-eabi/lib/thumb/v7e-m+dp/hard/libnosys.a(getpid.o)
                0x0000000008009518                _getpid
 .text._kill    0x0000000008009528       0x10 /Applications/STM32CubeIDE.app/Contents/Eclipse/plugins/com.st.stm32cube.ide.mcu.externaltools.gnu-tools-for-stm32.10.3-2021.10.macos64_1.0.100.202210260954/tools/bin/../lib/gcc/arm-none-eabi/10.3.1/../../../../arm-none-eabi/lib/thumb/v7e-m+dp/hard/libnosys.a(kill.o)
                0x0000000008009528                _kill
 .text._exit    0x0000000008009538        0x2 /Applications/STM32CubeIDE.app/Contents/Eclipse/plugins/com.st.stm32cube.ide.mcu.externaltools.gnu-tools-for-stm32.10.3-2021.10.macos64_1.0.100.202210260954/tools/bin/../lib/gcc/arm-none-eabi/10.3.1/../../../../arm-none-eabi/lib/thumb/v7e-m+dp/hard/libnosys.a(_exit.o)
                0x0000000008009538                _exit
 *(.glue_7)
 .glue_7        0x000000000800953a        0x0 linker stubs
 *(.glue_7t)
 .glue_7t       0x000000000800953a        0x0 linker stubs
 *(.eh_frame)
 *fill*         0x000000000800953a        0x2 
 .eh_frame      0x000000000800953c        0x0 /Applications/STM32CubeIDE.app/Contents/Eclipse/plugins/com.st.stm32cube.ide.mcu.externaltools.gnu-tools-for-stm32.10.3-2021.10.macos64_1.0.100.202210260954/tools/bin/../lib/gcc/arm-none-eabi/10.3.1/thumb/v7e-m+dp/hard/crtbegin.o
 *(.init)
 .init          0x000000000800953c        0x4 /Applications/STM32CubeIDE.app/Contents/Eclipse/plugins/com.st.stm32cube.ide.mcu.externaltools.gnu-tools-for-stm32.10.3-2021.10.macos64_1.0.100.202210260954/tools/bin/../lib/gcc/arm-none-eabi/10.3.1/thumb/v7e-m+dp/hard/crti.o
                0x000000000800953c                _init
 .init          0x0000000008009540        0x8 /Applications/STM32CubeIDE.app/Contents/Eclipse/plugins/com.st.stm32cube.ide.mcu.externaltools.gnu-tools-for-stm32.10.3-2021.10.macos64_1.0.100.202210260954/tools/bin/../lib/gcc/arm-none-eabi/10.3.1/thumb/v7e-m+dp/hard/crtn.o
 *(.fini)
 .fini          0x0000000008009548        0x4 /Applications/STM32CubeIDE.app/Contents/Eclipse/plugins/com.st.stm32cube.ide.mcu.externaltools.gnu-tools-for-stm32.10.3-2021.10.macos64_1.0.100.202210260954/tools/bin/../lib/gcc/arm-none-eabi/10.3.1/thumb/v7e-m+dp/hard/crti.o
                0x0000000008009548                _fini
 .fini          0x000000000800954c        0x8 /Applications/STM32CubeIDE.app/Contents/Eclipse/plugins/com.st.stm32cube.ide.mcu.externaltools.gnu-tools-for-stm32.10.3-2021.10.macos64_1.0.100.202210260954/tools/bin/../lib/gcc/arm-none-eabi/10.3.1/thumb/v7e-m+dp/hard/crtn.o
                0x0000000008009554                . = ALIGN (0x4)
                0x0000000008009554                _etext = .

.vfp11_veneer   0x0000000008009554        0x0
 .vfp11_veneer  0x0000000008009554        0x0 linker stubs

.v4_bx          0x0000000008009554        0x0
 .v4_bx         0x0000000008009554        0x0 linker stubs

.iplt           0x0000000008009554        0x0
 .iplt          0x0000000008009554        0x0 /Applications/STM32CubeIDE.app/Contents/Eclipse/plugins/com.st.stm32cube.ide.mcu.externaltools.gnu-tools-for-stm32.10.3-2021.10.macos64_1.0.100.202210260954/tools/bin/../lib/gcc/arm-none-eabi/10.3.1/thumb/v7e-m+dp/hard/crtbegin.o

.rodata         0x0000000008009558      0x464
                0x0000000008009558                . = ALIGN (0x4)
 *(.rodata)
 .rodata        0x0000000008009558        0x8 ./Autogen/src/ert_main.o
 .rodata        0x0000000008009560       0x10 ./Core/Src/main.o
 *(.rodata*)
 .rodata.controller_M
                0x0000000008009570        0x4 ./Autogen/src/controller.o
                0x0000000008009570                controller_M
 .rodata.controller_ConstB
                0x0000000008009574        0x4 ./Autogen/src/controller_data.o
                0x0000000008009574                controller_ConstB
 .rodata.controller_ConstP
                0x0000000008009578       0x54 ./Autogen/src/controller_data.o
                0x0000000008009578                controller_ConstP
 .rodata.AHBPrescTable
                0x00000000080095cc       0x10 ./Core/Src/system_stm32f7xx.o
                0x00000000080095cc                AHBPrescTable
 .rodata.APBPrescTable
                0x00000000080095dc        0x8 ./Core/Src/system_stm32f7xx.o
                0x00000000080095dc                APBPrescTable
 .rodata._global_impure_ptr
                0x00000000080095e4        0x4 /Applications/STM32CubeIDE.app/Contents/Eclipse/plugins/com.st.stm32cube.ide.mcu.externaltools.gnu-tools-for-stm32.10.3-2021.10.macos64_1.0.100.202210260954/tools/bin/../lib/gcc/arm-none-eabi/10.3.1/../../../../arm-none-eabi/lib/thumb/v7e-m+dp/hard/libc_nano.a(lib_a-impure.o)
                0x00000000080095e4                _global_impure_ptr
 .rodata._printf_float.str1.1
                0x00000000080095e8       0x12 /Applications/STM32CubeIDE.app/Contents/Eclipse/plugins/com.st.stm32cube.ide.mcu.externaltools.gnu-tools-for-stm32.10.3-2021.10.macos64_1.0.100.202210260954/tools/bin/../lib/gcc/arm-none-eabi/10.3.1/../../../../arm-none-eabi/lib/thumb/v7e-m+dp/hard/libc_nano.a(lib_a-nano-vfprintf_float.o)
 .rodata._printf_i.str1.1
                0x00000000080095fa       0x22 /Applications/STM32CubeIDE.app/Contents/Eclipse/plugins/com.st.stm32cube.ide.mcu.externaltools.gnu-tools-for-stm32.10.3-2021.10.macos64_1.0.100.202210260954/tools/bin/../lib/gcc/arm-none-eabi/10.3.1/../../../../arm-none-eabi/lib/thumb/v7e-m+dp/hard/libc_nano.a(lib_a-nano-vfprintf_i.o)
 .rodata._dtoa_r.str1.1
                0x000000000800961c       0x90 /Applications/STM32CubeIDE.app/Contents/Eclipse/plugins/com.st.stm32cube.ide.mcu.externaltools.gnu-tools-for-stm32.10.3-2021.10.macos64_1.0.100.202210260954/tools/bin/../lib/gcc/arm-none-eabi/10.3.1/../../../../arm-none-eabi/lib/thumb/v7e-m+dp/hard/libc_nano.a(lib_a-dtoa.o)
                                         0x92 (size before relaxing)
 .rodata.__sf_fake_stderr
                0x00000000080096ac       0x20 /Applications/STM32CubeIDE.app/Contents/Eclipse/plugins/com.st.stm32cube.ide.mcu.externaltools.gnu-tools-for-stm32.10.3-2021.10.macos64_1.0.100.202210260954/tools/bin/../lib/gcc/arm-none-eabi/10.3.1/../../../../arm-none-eabi/lib/thumb/v7e-m+dp/hard/libc_nano.a(lib_a-findfp.o)
                0x00000000080096ac                __sf_fake_stderr
 .rodata.__sf_fake_stdin
                0x00000000080096cc       0x20 /Applications/STM32CubeIDE.app/Contents/Eclipse/plugins/com.st.stm32cube.ide.mcu.externaltools.gnu-tools-for-stm32.10.3-2021.10.macos64_1.0.100.202210260954/tools/bin/../lib/gcc/arm-none-eabi/10.3.1/../../../../arm-none-eabi/lib/thumb/v7e-m+dp/hard/libc_nano.a(lib_a-findfp.o)
                0x00000000080096cc                __sf_fake_stdin
 .rodata.__sf_fake_stdout
                0x00000000080096ec       0x20 /Applications/STM32CubeIDE.app/Contents/Eclipse/plugins/com.st.stm32cube.ide.mcu.externaltools.gnu-tools-for-stm32.10.3-2021.10.macos64_1.0.100.202210260954/tools/bin/../lib/gcc/arm-none-eabi/10.3.1/../../../../arm-none-eabi/lib/thumb/v7e-m+dp/hard/libc_nano.a(lib_a-findfp.o)
                0x00000000080096ec                __sf_fake_stdout
 .rodata._Balloc.str1.1
                0x000000000800970c       0x5c /Applications/STM32CubeIDE.app/Contents/Eclipse/plugins/com.st.stm32cube.ide.mcu.externaltools.gnu-tools-for-stm32.10.3-2021.10.macos64_1.0.100.202210260954/tools/bin/../lib/gcc/arm-none-eabi/10.3.1/../../../../arm-none-eabi/lib/thumb/v7e-m+dp/hard/libc_nano.a(lib_a-mprec.o)
                                         0x73 (size before relaxing)
 .rodata.__multadd.str1.1
                0x0000000008009768       0x11 /Applications/STM32CubeIDE.app/Contents/Eclipse/plugins/com.st.stm32cube.ide.mcu.externaltools.gnu-tools-for-stm32.10.3-2021.10.macos64_1.0.100.202210260954/tools/bin/../lib/gcc/arm-none-eabi/10.3.1/../../../../arm-none-eabi/lib/thumb/v7e-m+dp/hard/libc_nano.a(lib_a-mprec.o)
 .rodata.__mprec_bigtens
                0x0000000008009768       0x28 /Applications/STM32CubeIDE.app/Contents/Eclipse/plugins/com.st.stm32cube.ide.mcu.externaltools.gnu-tools-for-stm32.10.3-2021.10.macos64_1.0.100.202210260954/tools/bin/../lib/gcc/arm-none-eabi/10.3.1/../../../../arm-none-eabi/lib/thumb/v7e-m+dp/hard/libc_nano.a(lib_a-mprec.o)
                0x0000000008009768                __mprec_bigtens
 .rodata.__mprec_tens
                0x0000000008009790       0xc8 /Applications/STM32CubeIDE.app/Contents/Eclipse/plugins/com.st.stm32cube.ide.mcu.externaltools.gnu-tools-for-stm32.10.3-2021.10.macos64_1.0.100.202210260954/tools/bin/../lib/gcc/arm-none-eabi/10.3.1/../../../../arm-none-eabi/lib/thumb/v7e-m+dp/hard/libc_nano.a(lib_a-mprec.o)
                0x0000000008009790                __mprec_tens
 .rodata.p05.0  0x0000000008009858        0xc /Applications/STM32CubeIDE.app/Contents/Eclipse/plugins/com.st.stm32cube.ide.mcu.externaltools.gnu-tools-for-stm32.10.3-2021.10.macos64_1.0.100.202210260954/tools/bin/../lib/gcc/arm-none-eabi/10.3.1/../../../../arm-none-eabi/lib/thumb/v7e-m+dp/hard/libc_nano.a(lib_a-mprec.o)
 .rodata.__assert_func.str1.1
                0x0000000008009864       0x3c /Applications/STM32CubeIDE.app/Contents/Eclipse/plugins/com.st.stm32cube.ide.mcu.externaltools.gnu-tools-for-stm32.10.3-2021.10.macos64_1.0.100.202210260954/tools/bin/../lib/gcc/arm-none-eabi/10.3.1/../../../../arm-none-eabi/lib/thumb/v7e-m+dp/hard/libc_nano.a(lib_a-assert.o)
                                         0x3d (size before relaxing)
 .rodata._setlocale_r.str1.1
                0x00000000080098a0        0x8 /Applications/STM32CubeIDE.app/Contents/Eclipse/plugins/com.st.stm32cube.ide.mcu.externaltools.gnu-tools-for-stm32.10.3-2021.10.macos64_1.0.100.202210260954/tools/bin/../lib/gcc/arm-none-eabi/10.3.1/../../../../arm-none-eabi/lib/thumb/v7e-m+dp/hard/libc_nano.a(lib_a-locale.o)
                                          0x9 (size before relaxing)
 .rodata.str1.1
                0x00000000080098a8        0x2 /Applications/STM32CubeIDE.app/Contents/Eclipse/plugins/com.st.stm32cube.ide.mcu.externaltools.gnu-tools-for-stm32.10.3-2021.10.macos64_1.0.100.202210260954/tools/bin/../lib/gcc/arm-none-eabi/10.3.1/../../../../arm-none-eabi/lib/thumb/v7e-m+dp/hard/libc_nano.a(lib_a-locale.o)
 .rodata._vfprintf_r.str1.1
                0x00000000080098aa       0x11 /Applications/STM32CubeIDE.app/Contents/Eclipse/plugins/com.st.stm32cube.ide.mcu.externaltools.gnu-tools-for-stm32.10.3-2021.10.macos64_1.0.100.202210260954/tools/bin/../lib/gcc/arm-none-eabi/10.3.1/../../../../arm-none-eabi/lib/thumb/v7e-m+dp/hard/libc_nano.a(lib_a-nano-vfprintf.o)
 .rodata._ctype_
                0x00000000080098bb      0x101 /Applications/STM32CubeIDE.app/Contents/Eclipse/plugins/com.st.stm32cube.ide.mcu.externaltools.gnu-tools-for-stm32.10.3-2021.10.macos64_1.0.100.202210260954/tools/bin/../lib/gcc/arm-none-eabi/10.3.1/../../../../arm-none-eabi/lib/thumb/v7e-m+dp/hard/libc_nano.a(lib_a-ctype_.o)
                0x00000000080098bb                _ctype_
                0x00000000080099bc                . = ALIGN (0x4)

.ARM.extab      0x00000000080099bc        0x0
                0x00000000080099bc                . = ALIGN (0x4)
 *(.ARM.extab* .gnu.linkonce.armextab.*)
                0x00000000080099bc                . = ALIGN (0x4)

.ARM            0x00000000080099bc        0x8
                0x00000000080099bc                . = ALIGN (0x4)
                0x00000000080099bc                __exidx_start = .
 *(.ARM.exidx*)
 .ARM.exidx     0x00000000080099bc        0x8 /Applications/STM32CubeIDE.app/Contents/Eclipse/plugins/com.st.stm32cube.ide.mcu.externaltools.gnu-tools-for-stm32.10.3-2021.10.macos64_1.0.100.202210260954/tools/bin/../lib/gcc/arm-none-eabi/10.3.1/thumb/v7e-m+dp/hard/libgcc.a(_udivmoddi4.o)
                0x00000000080099c4                __exidx_end = .
                0x00000000080099c4                . = ALIGN (0x4)

.rel.dyn        0x00000000080099c4        0x0
 .rel.iplt      0x00000000080099c4        0x0 /Applications/STM32CubeIDE.app/Contents/Eclipse/plugins/com.st.stm32cube.ide.mcu.externaltools.gnu-tools-for-stm32.10.3-2021.10.macos64_1.0.100.202210260954/tools/bin/../lib/gcc/arm-none-eabi/10.3.1/thumb/v7e-m+dp/hard/crtbegin.o

.preinit_array  0x00000000080099c4        0x0
                0x00000000080099c4                . = ALIGN (0x4)
                0x00000000080099c4                PROVIDE (__preinit_array_start = .)
 *(.preinit_array*)
                0x00000000080099c4                PROVIDE (__preinit_array_end = .)
                0x00000000080099c4                . = ALIGN (0x4)

.init_array     0x00000000080099c4        0x4
                0x00000000080099c4                . = ALIGN (0x4)
                0x00000000080099c4                PROVIDE (__init_array_start = .)
 *(SORT_BY_NAME(.init_array.*))
 *(.init_array*)
 .init_array    0x00000000080099c4        0x4 /Applications/STM32CubeIDE.app/Contents/Eclipse/plugins/com.st.stm32cube.ide.mcu.externaltools.gnu-tools-for-stm32.10.3-2021.10.macos64_1.0.100.202210260954/tools/bin/../lib/gcc/arm-none-eabi/10.3.1/thumb/v7e-m+dp/hard/crtbegin.o
                0x00000000080099c8                PROVIDE (__init_array_end = .)
                0x00000000080099c8                . = ALIGN (0x4)

.fini_array     0x00000000080099c8        0x4
                0x00000000080099c8                . = ALIGN (0x4)
                [!provide]                        PROVIDE (__fini_array_start = .)
 *(SORT_BY_NAME(.fini_array.*))
 *(.fini_array*)
 .fini_array    0x00000000080099c8        0x4 /Applications/STM32CubeIDE.app/Contents/Eclipse/plugins/com.st.stm32cube.ide.mcu.externaltools.gnu-tools-for-stm32.10.3-2021.10.macos64_1.0.100.202210260954/tools/bin/../lib/gcc/arm-none-eabi/10.3.1/thumb/v7e-m+dp/hard/crtbegin.o
                [!provide]                        PROVIDE (__fini_array_end = .)
                0x00000000080099cc                . = ALIGN (0x4)
                0x00000000080099cc                _sidata = LOADADDR (.data)

.data           0x0000000020000000      0x348 load address 0x00000000080099cc
                0x0000000020000000                . = ALIGN (0x4)
                0x0000000020000000                _sdata = .
 *(.data)
 *(.data*)
 .data.DLC      0x0000000020000000        0x4 ./Core/Src/main.o
                0x0000000020000000                DLC
 .data.RecieveMessageTable
                0x0000000020000004      0x168 ./Core/Src/main.o
                0x0000000020000004                RecieveMessageTable
 .data.SystemCoreClock
                0x000000002000016c        0x4 ./Core/Src/system_stm32f7xx.o
                0x000000002000016c                SystemCoreClock
 .data.uwTickPrio
                0x0000000020000170        0x4 ./Drivers/STM32F7xx_HAL_Driver/Src/stm32f7xx_hal.o
                0x0000000020000170                uwTickPrio
 .data.uwTickFreq
                0x0000000020000174        0x1 ./Drivers/STM32F7xx_HAL_Driver/Src/stm32f7xx_hal.o
                0x0000000020000174                uwTickFreq
 *fill*         0x0000000020000175        0x3 
 .data._impure_ptr
                0x0000000020000178        0x4 /Applications/STM32CubeIDE.app/Contents/Eclipse/plugins/com.st.stm32cube.ide.mcu.externaltools.gnu-tools-for-stm32.10.3-2021.10.macos64_1.0.100.202210260954/tools/bin/../lib/gcc/arm-none-eabi/10.3.1/../../../../arm-none-eabi/lib/thumb/v7e-m+dp/hard/libc_nano.a(lib_a-impure.o)
                0x0000000020000178                _impure_ptr
 .data.impure_data
                0x000000002000017c       0x60 /Applications/STM32CubeIDE.app/Contents/Eclipse/plugins/com.st.stm32cube.ide.mcu.externaltools.gnu-tools-for-stm32.10.3-2021.10.macos64_1.0.100.202210260954/tools/bin/../lib/gcc/arm-none-eabi/10.3.1/../../../../arm-none-eabi/lib/thumb/v7e-m+dp/hard/libc_nano.a(lib_a-impure.o)
 .data.__global_locale
                0x00000000200001dc      0x16c /Applications/STM32CubeIDE.app/Contents/Eclipse/plugins/com.st.stm32cube.ide.mcu.externaltools.gnu-tools-for-stm32.10.3-2021.10.macos64_1.0.100.202210260954/tools/bin/../lib/gcc/arm-none-eabi/10.3.1/../../../../arm-none-eabi/lib/thumb/v7e-m+dp/hard/libc_nano.a(lib_a-locale.o)
                0x00000000200001dc                __global_locale
 *(.RamFunc)
 *(.RamFunc*)
                0x0000000020000348                . = ALIGN (0x4)
                0x0000000020000348                _edata = .

.igot.plt       0x0000000020000348        0x0 load address 0x0000000008009d14
 .igot.plt      0x0000000020000348        0x0 /Applications/STM32CubeIDE.app/Contents/Eclipse/plugins/com.st.stm32cube.ide.mcu.externaltools.gnu-tools-for-stm32.10.3-2021.10.macos64_1.0.100.202210260954/tools/bin/../lib/gcc/arm-none-eabi/10.3.1/thumb/v7e-m+dp/hard/crtbegin.o
                0x0000000020000348                . = ALIGN (0x4)

.bss            0x0000000020000348      0x338 load address 0x0000000008009d14
                0x0000000020000348                _sbss = .
                0x0000000020000348                __bss_start__ = _sbss
 *(.bss)
 .bss           0x0000000020000348       0x1c /Applications/STM32CubeIDE.app/Contents/Eclipse/plugins/com.st.stm32cube.ide.mcu.externaltools.gnu-tools-for-stm32.10.3-2021.10.macos64_1.0.100.202210260954/tools/bin/../lib/gcc/arm-none-eabi/10.3.1/thumb/v7e-m+dp/hard/crtbegin.o
 *(.bss*)
 .bss.controller_B
                0x0000000020000364        0xc ./Autogen/src/controller.o
                0x0000000020000364                controller_B
 .bss.controller_DW
                0x0000000020000370       0x1a ./Autogen/src/controller.o
                0x0000000020000370                controller_DW
 *fill*         0x000000002000038a        0x6 
 .bss.controller_U
                0x0000000020000390       0x50 ./Autogen/src/controller.o
                0x0000000020000390                controller_U
 .bss.controller_Y
                0x00000000200003e0       0x18 ./Autogen/src/controller.o
                0x00000000200003e0                controller_Y
 .bss.controller_M_
                0x00000000200003f8        0x4 ./Autogen/src/controller.o
 .bss.OverrunFlag.0
                0x00000000200003fc        0x1 ./Autogen/src/ert_main.o
 *fill*         0x00000000200003fd        0x3 
 .bss.hadc1     0x0000000020000400       0x48 ./Core/Src/main.o
                0x0000000020000400                hadc1
 .bss.hadc2     0x0000000020000448       0x48 ./Core/Src/main.o
                0x0000000020000448                hadc2
 .bss.hcan1     0x0000000020000490       0x28 ./Core/Src/main.o
                0x0000000020000490                hcan1
 .bss.htim2     0x00000000200004b8       0x4c ./Core/Src/main.o
                0x00000000200004b8                htim2
 .bss.huart3    0x0000000020000504       0x88 ./Core/Src/main.o
                0x0000000020000504                huart3
 .bss.AMK0_bSystemReady
                0x000000002000058c        0x2 ./Core/Src/main.o
                0x000000002000058c                AMK0_bSystemReady
 .bss.AMK0_bError
                0x000000002000058e        0x2 ./Core/Src/main.o
                0x000000002000058e                AMK0_bError
 .bss.AMK0_bWarn
                0x0000000020000590        0x2 ./Core/Src/main.o
                0x0000000020000590                AMK0_bWarn
 .bss.AMK0_bQuitDcOn
                0x0000000020000592        0x2 ./Core/Src/main.o
                0x0000000020000592                AMK0_bQuitDcOn
 .bss.AMK0_bDcOn
                0x0000000020000594        0x2 ./Core/Src/main.o
                0x0000000020000594                AMK0_bDcOn
 .bss.AMK0_bQuitInvertorOn
                0x0000000020000596        0x2 ./Core/Src/main.o
                0x0000000020000596                AMK0_bQuitInvertorOn
 .bss.AMK0_bInverterOn
                0x0000000020000598        0x2 ./Core/Src/main.o
                0x0000000020000598                AMK0_bInverterOn
 .bss.AMK0_bDerating
                0x000000002000059a        0x2 ./Core/Src/main.o
                0x000000002000059a                AMK0_bDerating
 .bss.AMK0_ActualVelocity
                0x000000002000059c        0x2 ./Core/Src/main.o
                0x000000002000059c                AMK0_ActualVelocity
 .bss.AMK0_TorqueCurrent
                0x000000002000059e        0x2 ./Core/Src/main.o
                0x000000002000059e                AMK0_TorqueCurrent
 .bss.AMK0_magnetizingCurrent
                0x00000000200005a0        0x2 ./Core/Src/main.o
                0x00000000200005a0                AMK0_magnetizingCurrent
 .bss.AMK1_bSystemReady
                0x00000000200005a2        0x2 ./Core/Src/main.o
                0x00000000200005a2                AMK1_bSystemReady
 .bss.AMK1_bError
                0x00000000200005a4        0x2 ./Core/Src/main.o
                0x00000000200005a4                AMK1_bError
 .bss.AMK1_bWarn
                0x00000000200005a6        0x2 ./Core/Src/main.o
                0x00000000200005a6                AMK1_bWarn
 .bss.AMK1_bQuitDcOn
                0x00000000200005a8        0x2 ./Core/Src/main.o
                0x00000000200005a8                AMK1_bQuitDcOn
 .bss.AMK1_bDcOn
                0x00000000200005aa        0x2 ./Core/Src/main.o
                0x00000000200005aa                AMK1_bDcOn
 .bss.AMK1_bQuitInvertorOn
                0x00000000200005ac        0x2 ./Core/Src/main.o
                0x00000000200005ac                AMK1_bQuitInvertorOn
 .bss.AMK1_bInverterOn
                0x00000000200005ae        0x2 ./Core/Src/main.o
                0x00000000200005ae                AMK1_bInverterOn
 .bss.AMK1_bDerating
                0x00000000200005b0        0x2 ./Core/Src/main.o
                0x00000000200005b0                AMK1_bDerating
 .bss.AMK1_ActualVelocity
                0x00000000200005b2        0x2 ./Core/Src/main.o
                0x00000000200005b2                AMK1_ActualVelocity
 .bss.AMK1_TorqueCurrent
                0x00000000200005b4        0x2 ./Core/Src/main.o
                0x00000000200005b4                AMK1_TorqueCurrent
 .bss.AMK1_magnetizingCurrent
                0x00000000200005b6        0x2 ./Core/Src/main.o
                0x00000000200005b6                AMK1_magnetizingCurrent
 .bss.AMK0_TempMotor
                0x00000000200005b8        0x2 ./Core/Src/main.o
                0x00000000200005b8                AMK0_TempMotor
 .bss.AMK0_TempInverter
                0x00000000200005ba        0x2 ./Core/Src/main.o
                0x00000000200005ba                AMK0_TempInverter
 .bss.AMK0_ErrorInfo
                0x00000000200005bc        0x2 ./Core/Src/main.o
                0x00000000200005bc                AMK0_ErrorInfo
 .bss.AMK0_TempIGBT
                0x00000000200005be        0x2 ./Core/Src/main.o
                0x00000000200005be                AMK0_TempIGBT
 .bss.AMK1_TempMotor
                0x00000000200005c0        0x2 ./Core/Src/main.o
                0x00000000200005c0                AMK1_TempMotor
 .bss.AMK1_TempInverter
                0x00000000200005c2        0x2 ./Core/Src/main.o
                0x00000000200005c2                AMK1_TempInverter
 .bss.AMK1_ErrorInfo
                0x00000000200005c4        0x2 ./Core/Src/main.o
                0x00000000200005c4                AMK1_ErrorInfo
 .bss.AMK1_TempIGBT
                0x00000000200005c6        0x2 ./Core/Src/main.o
                0x00000000200005c6                AMK1_TempIGBT
 .bss.TxHeader  0x00000000200005c8       0x18 ./Core/Src/main.o
                0x00000000200005c8                TxHeader
 .bss.TxHeader2
                0x00000000200005e0       0x18 ./Core/Src/main.o
                0x00000000200005e0                TxHeader2
 .bss.TxHeader3
                0x00000000200005f8       0x18 ./Core/Src/main.o
                0x00000000200005f8                TxHeader3
 .bss.TxHeader4
                0x0000000020000610       0x18 ./Core/Src/main.o
                0x0000000020000610                TxHeader4
 .bss.RxHeader  0x0000000020000628       0x1c ./Core/Src/main.o
                0x0000000020000628                RxHeader
 .bss.TxData2   0x0000000020000644        0x8 ./Core/Src/main.o
                0x0000000020000644                TxData2
 .bss.TxData3   0x000000002000064c        0x8 ./Core/Src/main.o
                0x000000002000064c                TxData3
 .bss.RxData    0x0000000020000654        0x8 ./Core/Src/main.o
                0x0000000020000654                RxData
 .bss.raw       0x000000002000065c        0x4 ./Core/Src/main.o
                0x000000002000065c                raw
 .bss.counter   0x0000000020000660        0x4 ./Core/Src/main.o
                0x0000000020000660                counter
 .bss.Printer   0x0000000020000664        0x4 ./Core/Src/printf.o